D:/21032023_TouchGFX_WorkSpace/TouchGFX_4_21_1_First/TouchGFX_4_21_1_Recieve_Serial_Interrupt/Core/Src/main.c:905:13:SPI5_Write	16	static
D:/21032023_TouchGFX_WorkSpace/TouchGFX_4_21_1_First/TouchGFX_4_21_1_Recieve_Serial_Interrupt/Core/Src/main.c:1017:6:StartDefaultTask	16	static
D:/21032023_TouchGFX_WorkSpace/TouchGFX_4_21_1_First/TouchGFX_4_21_1_Recieve_Serial_Interrupt/Core/Src/main.c:259:6:SystemClock_Config	96	static
D:/21032023_TouchGFX_WorkSpace/TouchGFX_4_21_1_First/TouchGFX_4_21_1_Recieve_Serial_Interrupt/Core/Src/main.c:164:5:main	112	static
D:/21032023_TouchGFX_WorkSpace/TouchGFX_4_21_1_First/TouchGFX_4_21_1_Recieve_Serial_Interrupt/Core/Src/main.c:671:6:HAL_UART_RxCpltCallback	0	static
D:/21032023_TouchGFX_WorkSpace/TouchGFX_4_21_1_First/TouchGFX_4_21_1_Recieve_Serial_Interrupt/Core/Src/main.c:749:6:IOE_Init	0	static
D:/21032023_TouchGFX_WorkSpace/TouchGFX_4_21_1_First/TouchGFX_4_21_1_Recieve_Serial_Interrupt/Core/Src/main.c:758:6:IOE_ITConfig	0	static
D:/21032023_TouchGFX_WorkSpace/TouchGFX_4_21_1_First/TouchGFX_4_21_1_Recieve_Serial_Interrupt/Core/Src/main.c:770:6:IOE_Write	32	static
D:/21032023_TouchGFX_WorkSpace/TouchGFX_4_21_1_First/TouchGFX_4_21_1_Recieve_Serial_Interrupt/Core/Src/main.c:781:9:IOE_Read	32	static
D:/21032023_TouchGFX_WorkSpace/TouchGFX_4_21_1_First/TouchGFX_4_21_1_Recieve_Serial_Interrupt/Core/Src/main.c:794:10:IOE_ReadMultiple	24	static
D:/21032023_TouchGFX_WorkSpace/TouchGFX_4_21_1_First/TouchGFX_4_21_1_Recieve_Serial_Interrupt/Core/Src/main.c:803:6:IOE_Delay	0	static
D:/21032023_TouchGFX_WorkSpace/TouchGFX_4_21_1_First/TouchGFX_4_21_1_Recieve_Serial_Interrupt/Core/Src/main.c:931:6:LCD_IO_Init	8	static
D:/21032023_TouchGFX_WorkSpace/TouchGFX_4_21_1_First/TouchGFX_4_21_1_Recieve_Serial_Interrupt/Core/Src/main.c:941:6:LCD_IO_WriteData	16	static
D:/21032023_TouchGFX_WorkSpace/TouchGFX_4_21_1_First/TouchGFX_4_21_1_Recieve_Serial_Interrupt/Core/Src/main.c:957:6:LCD_IO_WriteReg	16	static
D:/21032023_TouchGFX_WorkSpace/TouchGFX_4_21_1_First/TouchGFX_4_21_1_Recieve_Serial_Interrupt/Core/Src/main.c:976:10:LCD_IO_ReadData	32	static
D:/21032023_TouchGFX_WorkSpace/TouchGFX_4_21_1_First/TouchGFX_4_21_1_Recieve_Serial_Interrupt/Core/Src/main.c:1003:6:LCD_Delay	0	static
D:/21032023_TouchGFX_WorkSpace/TouchGFX_4_21_1_First/TouchGFX_4_21_1_Recieve_Serial_Interrupt/Core/Src/main.c:1053:6:HAL_TIM_PeriodElapsedCallback	0	static
D:/21032023_TouchGFX_WorkSpace/TouchGFX_4_21_1_First/TouchGFX_4_21_1_Recieve_Serial_Interrupt/Core/Src/main.c:1070:6:Error_Handler	0	static
