D:/21032023_TouchGFX_WorkSpace/TouchGFX_4_21_1_First/TouchGFX_4_21_1_Recieve_Serial_Interrupt/Core/Src/stm32f4xx_it.c:79:6:NMI_Handler	0	static
D:/21032023_TouchGFX_WorkSpace/TouchGFX_4_21_1_First/TouchGFX_4_21_1_Recieve_Serial_Interrupt/Core/Src/stm32f4xx_it.c:92:6:HardFault_Handler	0	static
D:/21032023_TouchGFX_WorkSpace/TouchGFX_4_21_1_First/TouchGFX_4_21_1_Recieve_Serial_Interrupt/Core/Src/stm32f4xx_it.c:107:6:MemManage_Handler	0	static
D:/21032023_TouchGFX_WorkSpace/TouchGFX_4_21_1_First/TouchGFX_4_21_1_Recieve_Serial_Interrupt/Core/Src/stm32f4xx_it.c:122:6:BusFault_Handler	0	static
D:/21032023_TouchGFX_WorkSpace/TouchGFX_4_21_1_First/TouchGFX_4_21_1_Recieve_Serial_Interrupt/Core/Src/stm32f4xx_it.c:137:6:UsageFault_Handler	0	static
D:/21032023_TouchGFX_WorkSpace/TouchGFX_4_21_1_First/TouchGFX_4_21_1_Recieve_Serial_Interrupt/Core/Src/stm32f4xx_it.c:152:6:DebugMon_Handler	0	static
D:/21032023_TouchGFX_WorkSpace/TouchGFX_4_21_1_First/TouchGFX_4_21_1_Recieve_Serial_Interrupt/Core/Src/stm32f4xx_it.c:172:6:USART2_IRQHandler	8	static
D:/21032023_TouchGFX_WorkSpace/TouchGFX_4_21_1_First/TouchGFX_4_21_1_Recieve_Serial_Interrupt/Core/Src/stm32f4xx_it.c:193:6:TIM6_DAC_IRQHandler	0	static
D:/21032023_TouchGFX_WorkSpace/TouchGFX_4_21_1_First/TouchGFX_4_21_1_Recieve_Serial_Interrupt/Core/Src/stm32f4xx_it.c:207:6:LTDC_IRQHandler	0	static
D:/21032023_TouchGFX_WorkSpace/TouchGFX_4_21_1_First/TouchGFX_4_21_1_Recieve_Serial_Interrupt/Core/Src/stm32f4xx_it.c:221:6:DMA2D_IRQHandler	0	static
