../../Middlewares/ST/touchgfx/framework/include/touchgfx/Drawable.hpp:147:23:virtual touchgfx::Drawable* touchgfx::Drawable::getFirstChild()	0	static
../../Middlewares/ST/touchgfx/framework/include/touchgfx/Drawable.hpp:315:18:virtual void touchgfx::Drawable::setX(int16_t)	0	static
../../Middlewares/ST/touchgfx/framework/include/touchgfx/Drawable.hpp:327:18:virtual void touchgfx::Drawable::setY(int16_t)	0	static
../../Middlewares/ST/touchgfx/framework/include/touchgfx/Drawable.hpp:356:18:virtual void touchgfx::Drawable::setWidth(int16_t)	0	static
../../Middlewares/ST/touchgfx/framework/include/touchgfx/Drawable.hpp:368:18:virtual void touchgfx::Drawable::setHeight(int16_t)	0	static
../../Middlewares/ST/touchgfx/framework/include/touchgfx/Drawable.hpp:378:18:virtual void touchgfx::Drawable::childGeometryChanged()	0	static
../../Middlewares/ST/touchgfx/framework/include/touchgfx/Drawable.hpp:389:18:virtual void touchgfx::Drawable::handleClickEvent(const touchgfx::ClickEvent&)	0	static
../../Middlewares/ST/touchgfx/framework/include/touchgfx/Drawable.hpp:401:18:virtual void touchgfx::Drawable::handleGestureEvent(const touchgfx::GestureEvent&)	0	static
../../Middlewares/ST/touchgfx/framework/include/touchgfx/Drawable.hpp:490:18:virtual void touchgfx::Drawable::handleDragEvent(const touchgfx::DragEvent&)	0	static
../../Middlewares/ST/touchgfx/framework/include/touchgfx/Drawable.hpp:501:18:virtual void touchgfx::Drawable::handleTickEvent()	0	static
../../Middlewares/ST/touchgfx/framework/include/touchgfx/Drawable.hpp:588:18:virtual void touchgfx::Drawable::moveTo(int16_t, int16_t)	4	static
../../Middlewares/ST/touchgfx/framework/include/touchgfx/Drawable.hpp:703:18:virtual void touchgfx::Drawable::setupDrawChain(const touchgfx::Rect&, touchgfx::Drawable**)	0	static
../../Middlewares/ST/touchgfx/framework/include/touchgfx/containers/Container.hpp:165:23:virtual touchgfx::Drawable* touchgfx::Container::getFirstChild()	0	static
../../Middlewares/ST/touchgfx/framework/include/touchgfx/Screen.hpp:93:18:virtual void touchgfx::Screen::setupScreen()	0	static
../../Middlewares/ST/touchgfx/framework/include/touchgfx/Screen.hpp:104:18:virtual void touchgfx::Screen::afterTransition()	0	static
../../Middlewares/ST/touchgfx/framework/include/touchgfx/Screen.hpp:115:18:virtual void touchgfx::Screen::tearDownScreen()	0	static
../../Middlewares/ST/touchgfx/framework/include/touchgfx/Screen.hpp:144:18:virtual void touchgfx::Screen::handleTickEvent()	0	static
../../Middlewares/ST/touchgfx/framework/include/touchgfx/Screen.hpp:154:18:virtual void touchgfx::Screen::handleKeyEvent(uint8_t)	0	static
../../Middlewares/ST/touchgfx/framework/include/touchgfx/widgets/Widget.hpp:45:18:virtual void touchgfx::Widget::getLastChild(int16_t, int16_t, touchgfx::Drawable**)	0	static
../../Middlewares/ST/touchgfx/framework/include/touchgfx/widgets/AbstractButton.hpp:86:18:virtual bool touchgfx::AbstractButton::getPressedState() const	0	static
../../Middlewares/ST/touchgfx/framework/include/touchgfx/widgets/ButtonWithIcon.hpp:158:18:virtual void touchgfx::ButtonWithIcon::setBitmaps(const touchgfx::Bitmap&, const touchgfx::Bitmap&)	0	static
../../TouchGFX/generated/gui_generated/include/gui_generated/screen1_screen/Screen1ViewBase.hpp:25:18:virtual void Screen1ViewBase::scrollWheel1_1UpdateItem(CustomContainer1&, int16_t)	0	static
../../Middlewares/ST/touchgfx/framework/include/mvp/View.hpp:36:7:touchgfx::View<Screen1Presenter>::~View()	0	static
../../Middlewares/ST/touchgfx/framework/include/touchgfx/containers/scrollers/DrawableList.hpp:101:21:int16_t touchgfx::DrawableListItems<TYPE, SIZE>::getNumberOfDrawables() [with TYPE = CustomContainer1; int SIZE = 3]	0	static
../../Middlewares/ST/touchgfx/framework/include/touchgfx/mixins/MoveAnimator.hpp:88:18:void touchgfx::MoveAnimator<T>::setMoveAnimationDelay(uint16_t) [with T = touchgfx::ScrollWheel]	0	static
../../Middlewares/ST/touchgfx/framework/include/touchgfx/mixins/MoveAnimator.hpp:88:18:void touchgfx::MoveAnimator<T>::setMoveAnimationDelay(uint16_t) [with T = touchgfx::ButtonWithIcon]	0	static
../../Middlewares/ST/touchgfx/framework/include/touchgfx/Callback.hpp:357:8:touchgfx::Callback<Screen1ViewBase, const touchgfx::MoveAnimator<touchgfx::ButtonWithIcon>&>::~Callback()	0	static
../../Middlewares/ST/touchgfx/framework/include/touchgfx/Callback.hpp:357:8:touchgfx::Callback<Screen1ViewBase, const touchgfx::AbstractButton&>::~Callback()	0	static
../../Middlewares/ST/touchgfx/framework/include/touchgfx/Callback.hpp:218:8:touchgfx::Callback<Screen1ViewBase, touchgfx::DrawableListItemsInterface*, short int, short int>::~Callback()	0	static
../../Middlewares/ST/touchgfx/framework/include/touchgfx/mixins/MoveAnimator.hpp:37:7:touchgfx::MoveAnimator<touchgfx::ButtonWithIcon>::~MoveAnimator()	0	static
../../Middlewares/ST/touchgfx/framework/include/touchgfx/containers/scrollers/DrawableList.hpp:79:7:touchgfx::DrawableListItems<CustomContainer1, 3>::~DrawableListItems()	16	static
D:/21032023_TouchGFX_WorkSpace/TouchGFX_4_21_1_First/TouchGFX_4_21_1_Mobile/TouchGFX/generated/gui_generated/src/screen1_screen/Screen1ViewBase.cpp:47:1:Screen1ViewBase::~Screen1ViewBase()	8	static
../../Middlewares/ST/touchgfx/framework/include/touchgfx/mixins/MoveAnimator.hpp:37:7:touchgfx::MoveAnimator<touchgfx::ScrollWheel>::~MoveAnimator()	0	static
../../Middlewares/ST/touchgfx/framework/include/touchgfx/Callback.hpp:386:18:void touchgfx::Callback<dest_type, T1, void, void>::execute(T1) [with dest_type = Screen1ViewBase; T1 = const touchgfx::MoveAnimator<touchgfx::ButtonWithIcon>&]	8	static
../../Middlewares/ST/touchgfx/framework/include/touchgfx/Callback.hpp:396:18:bool touchgfx::Callback<dest_type, T1, void, void>::isValid() const [with dest_type = Screen1ViewBase; T1 = const touchgfx::MoveAnimator<touchgfx::ButtonWithIcon>&]	0	static
../../Middlewares/ST/touchgfx/framework/include/touchgfx/Callback.hpp:386:18:void touchgfx::Callback<dest_type, T1, void, void>::execute(T1) [with dest_type = Screen1ViewBase; T1 = const touchgfx::AbstractButton&]	8	static
../../Middlewares/ST/touchgfx/framework/include/touchgfx/Callback.hpp:396:18:bool touchgfx::Callback<dest_type, T1, void, void>::isValid() const [with dest_type = Screen1ViewBase; T1 = const touchgfx::AbstractButton&]	0	static
../../Middlewares/ST/touchgfx/framework/include/touchgfx/Callback.hpp:250:18:void touchgfx::Callback<dest_type, T1, T2, T3>::execute(T1, T2, T3) [with dest_type = Screen1ViewBase; T1 = touchgfx::DrawableListItemsInterface*; T2 = short int; T3 = short int]	16	static
../../Middlewares/ST/touchgfx/framework/include/touchgfx/Callback.hpp:260:18:bool touchgfx::Callback<dest_type, T1, T2, T3>::isValid() const [with dest_type = Screen1ViewBase; T1 = touchgfx::DrawableListItemsInterface*; T2 = short int; T3 = short int]	0	static
../../Middlewares/ST/touchgfx/framework/include/touchgfx/mixins/MoveAnimator.hpp:100:22:uint16_t touchgfx::MoveAnimator<T>::getMoveAnimationDelay() const [with T = touchgfx::ButtonWithIcon]	0	static
../../Middlewares/ST/touchgfx/framework/include/touchgfx/mixins/MoveAnimator.hpp:100:22:uint16_t touchgfx::MoveAnimator<T>::getMoveAnimationDelay() const [with T = touchgfx::ScrollWheel]	0	static
../../Middlewares/ST/touchgfx/framework/include/touchgfx/containers/scrollers/DrawableList.hpp:79:7:virtual touchgfx::DrawableListItems<CustomContainer1, 3>::~DrawableListItems()	8	static
../../Middlewares/ST/touchgfx/framework/include/mvp/View.hpp:36:7:virtual touchgfx::View<Screen1Presenter>::~View()	8	static
../../Middlewares/ST/touchgfx/framework/include/touchgfx/mixins/MoveAnimator.hpp:37:7:virtual touchgfx::MoveAnimator<touchgfx::ScrollWheel>::~MoveAnimator()	8	static
../../Middlewares/ST/touchgfx/framework/include/touchgfx/mixins/MoveAnimator.hpp:37:7:virtual touchgfx::MoveAnimator<touchgfx::ButtonWithIcon>::~MoveAnimator()	8	static
../../Middlewares/ST/touchgfx/framework/include/touchgfx/Callback.hpp:218:8:virtual touchgfx::Callback<Screen1ViewBase, touchgfx::DrawableListItemsInterface*, short int, short int>::~Callback()	8	static
../../Middlewares/ST/touchgfx/framework/include/touchgfx/Callback.hpp:357:8:virtual touchgfx::Callback<Screen1ViewBase, const touchgfx::AbstractButton&>::~Callback()	8	static
../../Middlewares/ST/touchgfx/framework/include/touchgfx/Callback.hpp:357:8:virtual touchgfx::Callback<Screen1ViewBase, const touchgfx::MoveAnimator<touchgfx::ButtonWithIcon>&>::~Callback()	8	static
D:/21032023_TouchGFX_WorkSpace/TouchGFX_4_21_1_First/TouchGFX_4_21_1_Mobile/TouchGFX/generated/gui_generated/src/screen1_screen/Screen1ViewBase.cpp:47:1:virtual Screen1ViewBase::~Screen1ViewBase()	8	static
../../Middlewares/ST/touchgfx/framework/include/touchgfx/containers/scrollers/ScrollBase.hpp:381:18:virtual void touchgfx::ScrollBase::initialize()	0	static
D:/21032023_TouchGFX_WorkSpace/TouchGFX_4_21_1_First/TouchGFX_4_21_1_Mobile/TouchGFX/generated/gui_generated/src/screen1_screen/Screen1ViewBase.cpp:52:6:virtual void Screen1ViewBase::setupScreen()	16	static
../../Middlewares/ST/touchgfx/framework/include/touchgfx/Drawable.hpp:121:18:virtual void touchgfx::Drawable::invalidateContent() const	0	static
../../Middlewares/ST/touchgfx/framework/include/touchgfx/widgets/Button.hpp:84:18:virtual void touchgfx::Button::invalidateContent() const	8	static
../../Middlewares/ST/touchgfx/framework/include/touchgfx/widgets/AbstractButton.hpp:73:18:virtual void touchgfx::AbstractButton::executeAction()	8	static
D:/21032023_TouchGFX_WorkSpace/TouchGFX_4_21_1_First/TouchGFX_4_21_1_Mobile/TouchGFX/generated/gui_generated/src/screen1_screen/Screen1ViewBase.cpp:119:6:void Screen1ViewBase::updateItemCallbackHandler(touchgfx::DrawableListItemsInterface*, int16_t, int16_t)	16	static
../../Middlewares/ST/touchgfx/framework/include/touchgfx/containers/scrollers/DrawableList.hpp:82:23:touchgfx::Drawable* touchgfx::DrawableListItems<TYPE, SIZE>::getDrawable(int16_t) [with TYPE = CustomContainer1; int SIZE = 3]	8	static
../../Middlewares/ST/touchgfx/framework/include/touchgfx/Drawable.hpp:343:10:void touchgfx::Drawable::setXY(int16_t, int16_t)	16	static
../../Middlewares/ST/touchgfx/framework/include/touchgfx/Drawable.hpp:233:10:void touchgfx::Drawable::setPosition(int16_t, int16_t, int16_t, int16_t)	16	static
D:/21032023_TouchGFX_WorkSpace/TouchGFX_4_21_1_First/TouchGFX_4_21_1_Mobile/TouchGFX/generated/gui_generated/src/screen1_screen/Screen1ViewBase.cpp:8:1:Screen1ViewBase::Screen1ViewBase()	72	static
../../Middlewares/ST/touchgfx/framework/include/touchgfx/mixins/MoveAnimator.hpp:177:10:void touchgfx::MoveAnimator<T>::nextMoveAnimationStep() [with T = touchgfx::ScrollWheel]	24	static
../../Middlewares/ST/touchgfx/framework/include/touchgfx/mixins/MoveAnimator.hpp:169:18:void touchgfx::MoveAnimator<T>::handleTickEvent() [with T = touchgfx::ScrollWheel]	8	static
../../Middlewares/ST/touchgfx/framework/include/touchgfx/mixins/MoveAnimator.hpp:177:10:void touchgfx::MoveAnimator<T>::nextMoveAnimationStep() [with T = touchgfx::ButtonWithIcon]	24	static
../../Middlewares/ST/touchgfx/framework/include/touchgfx/mixins/MoveAnimator.hpp:169:18:void touchgfx::MoveAnimator<T>::handleTickEvent() [with T = touchgfx::ButtonWithIcon]	8	static
../../Middlewares/ST/touchgfx/framework/include/touchgfx/mixins/MoveAnimator.hpp:131:10:void touchgfx::MoveAnimator<T>::startMoveAnimation(int16_t, int16_t, uint16_t, touchgfx::EasingEquation, touchgfx::EasingEquation) [with T = touchgfx::ButtonWithIcon]	24	static
D:/21032023_TouchGFX_WorkSpace/TouchGFX_4_21_1_First/TouchGFX_4_21_1_Mobile/TouchGFX/generated/gui_generated/src/screen1_screen/Screen1ViewBase.cpp:61:6:void Screen1ViewBase::buttonCallbackHandler(const touchgfx::AbstractButton&)	40	static
D:/21032023_TouchGFX_WorkSpace/TouchGFX_4_21_1_First/TouchGFX_4_21_1_Mobile/TouchGFX/generated/gui_generated/src/screen1_screen/Screen1ViewBase.cpp:109:6:void Screen1ViewBase::interaction5EndedCallbackHandler(const touchgfx::MoveAnimator<touchgfx::ButtonWithIcon>&)	16	static
