../../Middlewares/ST/touchgfx/framework/include/touchgfx/Screen.hpp:104:18:virtual void touchgfx::Screen::afterTransition()	0	static
../../Middlewares/ST/touchgfx/framework/include/touchgfx/Screen.hpp:144:18:virtual void touchgfx::Screen::handleTickEvent()	0	static
../../Middlewares/ST/touchgfx/framework/include/touchgfx/Screen.hpp:154:18:virtual void touchgfx::Screen::handleKeyEvent(uint8_t)	0	static
D:/21032023_TouchGFX_WorkSpace/TouchGFX_4_21_1_First/TouchGFX_4_21_1_PlayWidget/TouchGFX/gui/src/screen1_screen/Screen1View.cpp:19:6:virtual void Screen1View::tearDownScreen()	0	static
D:/21032023_TouchGFX_WorkSpace/TouchGFX_4_21_1_First/TouchGFX_4_21_1_PlayWidget/TouchGFX/gui/src/screen1_screen/Screen1View.cpp:27:6:virtual void Screen1View::setTime()	16	static
../../TouchGFX/gui/include/gui/screen1_screen/Screen1View.hpp:11:13:Screen1View::~Screen1View()	8	static
../../TouchGFX/gui/include/gui/screen1_screen/Screen1View.hpp:11:13:virtual Screen1View::~Screen1View()	8	static
D:/21032023_TouchGFX_WorkSpace/TouchGFX_4_21_1_First/TouchGFX_4_21_1_PlayWidget/TouchGFX/gui/src/screen1_screen/Screen1View.cpp:9:1:Screen1View::Screen1View()	8	static
D:/21032023_TouchGFX_WorkSpace/TouchGFX_4_21_1_First/TouchGFX_4_21_1_PlayWidget/TouchGFX/gui/src/screen1_screen/Screen1View.cpp:14:6:virtual void Screen1View::setupScreen()	0	static
D:/21032023_TouchGFX_WorkSpace/TouchGFX_4_21_1_First/TouchGFX_4_21_1_PlayWidget/TouchGFX/gui/src/screen1_screen/Screen1View.cpp:23:6:virtual void Screen1View::updateTime(uint8_t, uint8_t, uint8_t)	0	static
