D:/21032023_TouchGFX_WorkSpace/TouchGFX_4_21_1_First/TouchGFX_4_21_1_Display_TurnOn_TurnOFF/TouchGFX/target/STM32TouchController.cpp:34:6:virtual void STM32TouchController::init()	0	static
../../TouchGFX/target/STM32TouchController.hpp:38:7:STM32TouchController::~STM32TouchController()	0	static
../../TouchGFX/target/STM32TouchController.hpp:38:7:virtual STM32TouchController::~STM32TouchController()	8	static
D:/21032023_TouchGFX_WorkSpace/TouchGFX_4_21_1_First/TouchGFX_4_21_1_Display_TurnOn_TurnOFF/TouchGFX/target/STM32TouchController.cpp:43:6:virtual bool STM32TouchController::sampleTouch(int32_t&, int32_t&)	24	static
D:/21032023_TouchGFX_WorkSpace/TouchGFX_4_21_1_First/TouchGFX_4_21_1_Display_TurnOn_TurnOFF/TouchGFX/target/STM32TouchController.cpp:149:6:void TS_IO_Write(uint8_t, uint8_t, uint8_t)	32	static
D:/21032023_TouchGFX_WorkSpace/TouchGFX_4_21_1_First/TouchGFX_4_21_1_Display_TurnOn_TurnOFF/TouchGFX/target/STM32TouchController.cpp:160:9:uint8_t TS_IO_Read(uint8_t, uint8_t)	32	static
D:/21032023_TouchGFX_WorkSpace/TouchGFX_4_21_1_First/TouchGFX_4_21_1_Display_TurnOn_TurnOFF/TouchGFX/target/STM32TouchController.cpp:174:6:void TS_IO_Delay(uint32_t)	0	static
