../../TouchGFX/gui/include/gui/screen1_screen/Screen1Presenter.hpp:28:13:Screen1Presenter::~Screen1Presenter()	0	static
D:/21032023_TouchGFX_WorkSpace/TouchGFX_4_21_1_First/TouchGFX_4_21_1_Serial_GUI/TouchGFX/gui/src/screen1_screen/Screen1Presenter.cpp:10:6:virtual void Screen1Presenter::activate()	0	static
D:/21032023_TouchGFX_WorkSpace/TouchGFX_4_21_1_First/TouchGFX_4_21_1_Serial_GUI/TouchGFX/gui/src/screen1_screen/Screen1Presenter.cpp:19:6:virtual void Screen1Presenter::uart_Data(char*)	0	static
D:/21032023_TouchGFX_WorkSpace/TouchGFX_4_21_1_First/TouchGFX_4_21_1_Serial_GUI/TouchGFX/gui/src/screen1_screen/Screen1Presenter.cpp:23:6:virtual void Screen1Presenter::setText(char*)	0	static
D:/21032023_TouchGFX_WorkSpace/TouchGFX_4_21_1_First/TouchGFX_4_21_1_Serial_GUI/TouchGFX/gui/src/screen1_screen/Screen1Presenter.cpp:27:6:virtual void Screen1Presenter::setInt(int)	0	static
../../TouchGFX/gui/include/gui/screen1_screen/Screen1Presenter.hpp:28:13:virtual Screen1Presenter::~Screen1Presenter()	8	static
../../TouchGFX/gui/include/gui/screen1_screen/Screen1Presenter.hpp:28:13:virtual void* Screen1Presenter::_ZThn4_N16Screen1PresenterD1Ev()	0	static
../../TouchGFX/gui/include/gui/screen1_screen/Screen1Presenter.hpp:31:18:virtual void Screen1Presenter::_ZThn4_N16Screen1Presenter7setTextEPc(char*)	0	static
D:/21032023_TouchGFX_WorkSpace/TouchGFX_4_21_1_First/TouchGFX_4_21_1_Serial_GUI/TouchGFX/gui/src/screen1_screen/Screen1Presenter.cpp:4:1:Screen1Presenter::Screen1Presenter(Screen1View&)	8	static
