../../Middlewares/ST/touchgfx/framework/include/touchgfx/Drawable.hpp:147:23:virtual touchgfx::Drawable* touchgfx::Drawable::getFirstChild()	0	static
../../Middlewares/ST/touchgfx/framework/include/touchgfx/Drawable.hpp:315:18:virtual void touchgfx::Drawable::setX(int16_t)	0	static
../../Middlewares/ST/touchgfx/framework/include/touchgfx/Drawable.hpp:327:18:virtual void touchgfx::Drawable::setY(int16_t)	0	static
../../Middlewares/ST/touchgfx/framework/include/touchgfx/Drawable.hpp:356:18:virtual void touchgfx::Drawable::setWidth(int16_t)	0	static
../../Middlewares/ST/touchgfx/framework/include/touchgfx/Drawable.hpp:368:18:virtual void touchgfx::Drawable::setHeight(int16_t)	0	static
../../Middlewares/ST/touchgfx/framework/include/touchgfx/Drawable.hpp:378:18:virtual void touchgfx::Drawable::childGeometryChanged()	0	static
../../Middlewares/ST/touchgfx/framework/include/touchgfx/Drawable.hpp:389:18:virtual void touchgfx::Drawable::handleClickEvent(const touchgfx::ClickEvent&)	0	static
../../Middlewares/ST/touchgfx/framework/include/touchgfx/Drawable.hpp:401:18:virtual void touchgfx::Drawable::handleGestureEvent(const touchgfx::GestureEvent&)	0	static
../../Middlewares/ST/touchgfx/framework/include/touchgfx/Drawable.hpp:490:18:virtual void touchgfx::Drawable::handleDragEvent(const touchgfx::DragEvent&)	0	static
../../Middlewares/ST/touchgfx/framework/include/touchgfx/Drawable.hpp:501:18:virtual void touchgfx::Drawable::handleTickEvent()	0	static
../../Middlewares/ST/touchgfx/framework/include/touchgfx/Drawable.hpp:588:18:virtual void touchgfx::Drawable::moveTo(int16_t, int16_t)	4	static
../../Middlewares/ST/touchgfx/framework/include/touchgfx/Drawable.hpp:703:18:virtual void touchgfx::Drawable::setupDrawChain(const touchgfx::Rect&, touchgfx::Drawable**)	0	static
../../Middlewares/ST/touchgfx/framework/include/touchgfx/widgets/Widget.hpp:45:18:virtual void touchgfx::Widget::getLastChild(int16_t, int16_t, touchgfx::Drawable**)	0	static
../../TouchGFX/gui/include/gui/common/ParticleEffect.hpp:17:28:virtual touchgfx::Rect Particle::getSolidRect() const	0	static
D:/21032023_TouchGFX_WorkSpace/TouchGFX_4_21_1_First/TouchGFX_4_21_1_Demo3/TouchGFX/gui/src/common/ParticleEffect.cpp:10:17:uint32_t randomish(int32_t)	0	static
D:/21032023_TouchGFX_WorkSpace/TouchGFX_4_21_1_First/TouchGFX_4_21_1_Demo3/TouchGFX/gui/src/common/ParticleEffect.cpp:96:16:virtual touchgfx::Rect ParticleEffect::getSolidRect() const	0	static
D:/21032023_TouchGFX_WorkSpace/TouchGFX_4_21_1_First/TouchGFX_4_21_1_Demo3/TouchGFX/gui/src/common/ParticleEffect.cpp:134:6:virtual void ParticleEffect::handleDragEvent(const touchgfx::DragEvent&)	0	static
../../TouchGFX/gui/include/gui/common/ParticleEffect.hpp:9:7:Particle::~Particle()	0	static
../../TouchGFX/gui/include/gui/common/ParticleEffect.hpp:9:7:virtual Particle::~Particle()	8	static
D:/21032023_TouchGFX_WorkSpace/TouchGFX_4_21_1_First/TouchGFX_4_21_1_Demo3/TouchGFX/gui/src/common/ParticleEffect.cpp:91:1:ParticleEffect::~ParticleEffect()	16	static
D:/21032023_TouchGFX_WorkSpace/TouchGFX_4_21_1_First/TouchGFX_4_21_1_Demo3/TouchGFX/gui/src/common/ParticleEffect.cpp:91:1:virtual ParticleEffect::~ParticleEffect()	8	static
../../Middlewares/ST/touchgfx/framework/include/touchgfx/Drawable.hpp:121:18:virtual void touchgfx::Drawable::invalidateContent() const	0	static
../../Middlewares/ST/touchgfx/framework/include/touchgfx/widgets/Image.hpp:118:18:virtual void touchgfx::Image::invalidateContent() const	8	static
D:/21032023_TouchGFX_WorkSpace/TouchGFX_4_21_1_First/TouchGFX_4_21_1_Demo3/TouchGFX/gui/src/common/ParticleEffect.cpp:119:6:virtual void ParticleEffect::handleClickEvent(const touchgfx::ClickEvent&)	0	static
D:/21032023_TouchGFX_WorkSpace/TouchGFX_4_21_1_First/TouchGFX_4_21_1_Demo3/TouchGFX/gui/src/common/ParticleEffect.cpp:101:6:virtual void ParticleEffect::draw(const touchgfx::Rect&) const	96	static
D:/21032023_TouchGFX_WorkSpace/TouchGFX_4_21_1_First/TouchGFX_4_21_1_Demo3/TouchGFX/gui/src/common/ParticleEffect.cpp:18:6:void Particle::init(int, int, int, bool, touchgfx::BitmapId)	56	static
D:/21032023_TouchGFX_WorkSpace/TouchGFX_4_21_1_First/TouchGFX_4_21_1_Demo3/TouchGFX/gui/src/common/ParticleEffect.cpp:52:6:void Particle::update()	0	static
D:/21032023_TouchGFX_WorkSpace/TouchGFX_4_21_1_First/TouchGFX_4_21_1_Demo3/TouchGFX/gui/src/common/ParticleEffect.cpp:70:6:bool Particle::done(int, int)	0	static
D:/21032023_TouchGFX_WorkSpace/TouchGFX_4_21_1_First/TouchGFX_4_21_1_Demo3/TouchGFX/gui/src/common/ParticleEffect.cpp:139:6:virtual void ParticleEffect::handleTickEvent()	40	static
D:/21032023_TouchGFX_WorkSpace/TouchGFX_4_21_1_First/TouchGFX_4_21_1_Demo3/TouchGFX/gui/src/common/ParticleEffect.cpp:75:1:ParticleEffect::ParticleEffect()	48	static
D:/21032023_TouchGFX_WorkSpace/TouchGFX_4_21_1_First/TouchGFX_4_21_1_Demo3/TouchGFX/gui/src/common/ParticleEffect.cpp:170:6:void ParticleEffect::setNumberOfParticles(int)	0	static
D:/21032023_TouchGFX_WorkSpace/TouchGFX_4_21_1_First/TouchGFX_4_21_1_Demo3/TouchGFX/gui/src/common/ParticleEffect.cpp:180:6:void ParticleEffect::setCenter(int, int)	0	static
D:/21032023_TouchGFX_WorkSpace/TouchGFX_4_21_1_First/TouchGFX_4_21_1_Demo3/TouchGFX/gui/src/common/ParticleEffect.cpp:186:6:void ParticleEffect::setSnapToOrigin(bool)	0	static
D:/21032023_TouchGFX_WorkSpace/TouchGFX_4_21_1_First/TouchGFX_4_21_1_Demo3/TouchGFX/gui/src/common/ParticleEffect.cpp:191:6:void ParticleEffect::setOrigin(int, int)	0	static
D:/21032023_TouchGFX_WorkSpace/TouchGFX_4_21_1_First/TouchGFX_4_21_1_Demo3/TouchGFX/gui/src/common/ParticleEffect.cpp:197:6:void ParticleEffect::spawnNewParticles(bool)	0	static
D:/21032023_TouchGFX_WorkSpace/TouchGFX_4_21_1_First/TouchGFX_4_21_1_Demo3/TouchGFX/gui/src/common/ParticleEffect.cpp:202:6:void ParticleEffect::setParticleFade(bool)	0	static
D:/21032023_TouchGFX_WorkSpace/TouchGFX_4_21_1_First/TouchGFX_4_21_1_Demo3/TouchGFX/gui/src/common/ParticleEffect.cpp:207:6:void ParticleEffect::setParticleBitmap(touchgfx::BitmapId)	0	static
