../../Middlewares/ST/touchgfx/framework/include/touchgfx/Drawable.hpp:315:18:virtual void touchgfx::Drawable::setX(int16_t)	0	static
../../Middlewares/ST/touchgfx/framework/include/touchgfx/Drawable.hpp:327:18:virtual void touchgfx::Drawable::setY(int16_t)	0	static
../../Middlewares/ST/touchgfx/framework/include/touchgfx/Drawable.hpp:356:18:virtual void touchgfx::Drawable::setWidth(int16_t)	0	static
../../Middlewares/ST/touchgfx/framework/include/touchgfx/Drawable.hpp:368:18:virtual void touchgfx::Drawable::setHeight(int16_t)	0	static
../../Middlewares/ST/touchgfx/framework/include/touchgfx/Drawable.hpp:378:18:virtual void touchgfx::Drawable::childGeometryChanged()	0	static
../../Middlewares/ST/touchgfx/framework/include/touchgfx/Drawable.hpp:588:18:virtual void touchgfx::Drawable::moveTo(int16_t, int16_t)	4	static
../../Middlewares/ST/touchgfx/framework/include/touchgfx/containers/Container.hpp:165:23:virtual touchgfx::Drawable* touchgfx::Container::getFirstChild()	0	static
../../TouchGFX/gui/include/gui/common/ScrollingWheels/ScrollingMenu.hpp:16:7:ScrollingMenu::~ScrollingMenu()	0	static
../../TouchGFX/gui/include/gui/common/ScrollingWheels/ScrollingMenu.hpp:16:7:virtual ScrollingMenu::~ScrollingMenu()	8	static
../../Middlewares/ST/touchgfx/framework/include/touchgfx/Drawable.hpp:121:18:virtual void touchgfx::Drawable::invalidateContent() const	0	static
../../TouchGFX/gui/include/gui/common/ScrollingWheels/ClickableContainer.hpp:94:18:virtual void touchgfx::ClickableContainer::getLastChild(int16_t, int16_t, touchgfx::Drawable**)	12	static
D:/21032023_TouchGFX_WorkSpace/TouchGFX_4_21_1_First/TouchGFX_4_21_1_Demo3/TouchGFX/gui/src/common/ScrollingWheels/ScrollingMenu.cpp:7:1:ScrollingMenu::ScrollingMenu()	16	static
D:/21032023_TouchGFX_WorkSpace/TouchGFX_4_21_1_First/TouchGFX_4_21_1_Demo3/TouchGFX/gui/src/common/ScrollingWheels/ScrollingMenu.cpp:70:9:int32_t ScrollingMenu::getNormalizedOffset(int32_t) const	0	static
D:/21032023_TouchGFX_WorkSpace/TouchGFX_4_21_1_First/TouchGFX_4_21_1_Demo3/TouchGFX/gui/src/common/ScrollingWheels/ScrollingMenu.cpp:80:6:void ScrollingMenu::setVirtualOffset(int32_t)	16	static
D:/21032023_TouchGFX_WorkSpace/TouchGFX_4_21_1_First/TouchGFX_4_21_1_Demo3/TouchGFX/gui/src/common/ScrollingWheels/ScrollingMenu.cpp:19:6:void ScrollingMenu::setup(bool, bool, int16_t, int16_t, int16_t, int16_t, int16_t, int16_t, int16_t, touchgfx::GenericCallback<int, touchgfx::Container**>&, touchgfx::GenericCallback<int, int>&)	88	static
D:/21032023_TouchGFX_WorkSpace/TouchGFX_4_21_1_First/TouchGFX_4_21_1_Demo3/TouchGFX/gui/src/common/ScrollingWheels/ScrollingMenu.cpp:87:5:int ScrollingMenu::getSelectedItem() const	16	static
D:/21032023_TouchGFX_WorkSpace/TouchGFX_4_21_1_First/TouchGFX_4_21_1_Demo3/TouchGFX/gui/src/common/ScrollingWheels/ScrollingMenu.cpp:204:6:virtual void ScrollingMenu::handleTickEvent()	16	static
D:/21032023_TouchGFX_WorkSpace/TouchGFX_4_21_1_First/TouchGFX_4_21_1_Demo3/TouchGFX/gui/src/common/ScrollingWheels/ScrollingMenu.cpp:102:6:void ScrollingMenu::itemChanged(int)	24	static
D:/21032023_TouchGFX_WorkSpace/TouchGFX_4_21_1_First/TouchGFX_4_21_1_Demo3/TouchGFX/gui/src/common/ScrollingWheels/ScrollingMenu.cpp:118:6:void ScrollingMenu::setItemUpdatedCallback(touchgfx::GenericCallback<int, int>&)	0	static
D:/21032023_TouchGFX_WorkSpace/TouchGFX_4_21_1_First/TouchGFX_4_21_1_Demo3/TouchGFX/gui/src/common/ScrollingWheels/ScrollingMenu.cpp:123:6:void ScrollingMenu::setAnimationEndedCallback(touchgfx::GenericCallback<int>&)	0	static
D:/21032023_TouchGFX_WorkSpace/TouchGFX_4_21_1_First/TouchGFX_4_21_1_Demo3/TouchGFX/gui/src/common/ScrollingWheels/ScrollingMenu.cpp:128:6:bool ScrollingMenu::isAnimating() const	0	static
D:/21032023_TouchGFX_WorkSpace/TouchGFX_4_21_1_First/TouchGFX_4_21_1_Demo3/TouchGFX/gui/src/common/ScrollingWheels/ScrollingMenu.cpp:149:9:int32_t ScrollingMenu::keepOffsetInsideLimits(int32_t, int16_t) const	12	static
D:/21032023_TouchGFX_WorkSpace/TouchGFX_4_21_1_First/TouchGFX_4_21_1_Demo3/TouchGFX/gui/src/common/ScrollingWheels/ScrollingMenu.cpp:133:9:int32_t ScrollingMenu::getNearestAlignedOffset(int32_t) const	16	static
D:/21032023_TouchGFX_WorkSpace/TouchGFX_4_21_1_First/TouchGFX_4_21_1_Demo3/TouchGFX/gui/src/common/ScrollingWheels/ScrollingMenu.cpp:179:6:virtual void ScrollingMenu::handleDragEvent(const touchgfx::DragEvent&)	16	static
D:/21032023_TouchGFX_WorkSpace/TouchGFX_4_21_1_First/TouchGFX_4_21_1_Demo3/TouchGFX/gui/src/common/ScrollingWheels/ScrollingMenu.cpp:225:6:void ScrollingMenu::animateTo(int32_t)	16	static
D:/21032023_TouchGFX_WorkSpace/TouchGFX_4_21_1_First/TouchGFX_4_21_1_Demo3/TouchGFX/gui/src/common/ScrollingWheels/ScrollingMenu.cpp:160:6:virtual void ScrollingMenu::handleClickEvent(const touchgfx::ClickEvent&)	16	static
D:/21032023_TouchGFX_WorkSpace/TouchGFX_4_21_1_First/TouchGFX_4_21_1_Demo3/TouchGFX/gui/src/common/ScrollingWheels/ScrollingMenu.cpp:188:6:virtual void ScrollingMenu::handleGestureEvent(const touchgfx::GestureEvent&)	16	static
D:/21032023_TouchGFX_WorkSpace/TouchGFX_4_21_1_First/TouchGFX_4_21_1_Demo3/TouchGFX/gui/src/common/ScrollingWheels/ScrollingMenu.cpp:48:6:void ScrollingMenu::setSelectedItem(int)	16	static
