../../Middlewares/ST/touchgfx/framework/include/touchgfx/Drawable.hpp:147:23:virtual touchgfx::Drawable* touchgfx::Drawable::getFirstChild()	0	static
../../Middlewares/ST/touchgfx/framework/include/touchgfx/Drawable.hpp:315:18:virtual void touchgfx::Drawable::setX(int16_t)	0	static
../../Middlewares/ST/touchgfx/framework/include/touchgfx/Drawable.hpp:327:18:virtual void touchgfx::Drawable::setY(int16_t)	0	static
../../Middlewares/ST/touchgfx/framework/include/touchgfx/Drawable.hpp:356:18:virtual void touchgfx::Drawable::setWidth(int16_t)	0	static
../../Middlewares/ST/touchgfx/framework/include/touchgfx/Drawable.hpp:368:18:virtual void touchgfx::Drawable::setHeight(int16_t)	0	static
../../Middlewares/ST/touchgfx/framework/include/touchgfx/Drawable.hpp:378:18:virtual void touchgfx::Drawable::childGeometryChanged()	0	static
../../Middlewares/ST/touchgfx/framework/include/touchgfx/Drawable.hpp:501:18:virtual void touchgfx::Drawable::handleTickEvent()	0	static
../../Middlewares/ST/touchgfx/framework/include/touchgfx/Drawable.hpp:588:18:virtual void touchgfx::Drawable::moveTo(int16_t, int16_t)	4	static
../../Middlewares/ST/touchgfx/framework/include/touchgfx/Drawable.hpp:703:18:virtual void touchgfx::Drawable::setupDrawChain(const touchgfx::Rect&, touchgfx::Drawable**)	0	static
../../Middlewares/ST/touchgfx/framework/include/touchgfx/widgets/Widget.hpp:45:18:virtual void touchgfx::Widget::getLastChild(int16_t, int16_t, touchgfx::Drawable**)	0	static
../../Middlewares/ST/touchgfx/framework/include/touchgfx/widgets/AbstractButton.hpp:86:18:virtual bool touchgfx::AbstractButton::getPressedState() const	0	static
../../Middlewares/ST/touchgfx/framework/include/touchgfx/widgets/TouchArea.hpp:40:18:virtual void touchgfx::TouchArea::draw(const touchgfx::Rect&) const	0	static
../../Middlewares/ST/touchgfx/framework/include/touchgfx/widgets/TouchArea.hpp:50:18:virtual touchgfx::Rect touchgfx::TouchArea::getSolidRect() const	0	static
../../Middlewares/ST/touchgfx/framework/include/touchgfx/widgets/TouchArea.hpp:65:18:virtual void touchgfx::TouchArea::invalidateContent() const	0	static
D:/21032023_TouchGFX_WorkSpace/TouchGFX_4_21_1_First/TouchGFX_4_21_1_Demo3/TouchGFX/gui/src/common/ScrollingWheels/TouchForwarder.cpp:3:6:virtual void TouchForwarder::handleClickEvent(const touchgfx::ClickEvent&)	16	static
../../TouchGFX/gui/include/gui/common/ScrollingWheels/TouchForwarder.hpp:7:7:TouchForwarder::~TouchForwarder()	0	static
../../TouchGFX/gui/include/gui/common/ScrollingWheels/TouchForwarder.hpp:7:7:virtual TouchForwarder::~TouchForwarder()	8	static
../../Middlewares/ST/touchgfx/framework/include/touchgfx/widgets/AbstractButton.hpp:73:18:virtual void touchgfx::AbstractButton::executeAction()	8	static
D:/21032023_TouchGFX_WorkSpace/TouchGFX_4_21_1_First/TouchGFX_4_21_1_Demo3/TouchGFX/gui/src/common/ScrollingWheels/TouchForwarder.cpp:10:6:virtual void TouchForwarder::handleDragEvent(const touchgfx::DragEvent&)	16	static
D:/21032023_TouchGFX_WorkSpace/TouchGFX_4_21_1_First/TouchGFX_4_21_1_Demo3/TouchGFX/gui/src/common/ScrollingWheels/TouchForwarder.cpp:19:6:virtual void TouchForwarder::handleGestureEvent(const touchgfx::GestureEvent&)	16	static
