D:/21032023_TouchGFX_WorkSpace/TouchGFX_4_21_1_First/TouchGFX_4_21_1_Display_TurnOn_TurnOFF/Drivers/STM32F7xx_HAL_Driver/Src/stm32f7xx_hal_crc_ex.c:89:19:HAL_CRCEx_Polynomial_Set	8	static
D:/21032023_TouchGFX_WorkSpace/TouchGFX_4_21_1_First/TouchGFX_4_21_1_Display_TurnOn_TurnOFF/Drivers/STM32F7xx_HAL_Driver/Src/stm32f7xx_hal_crc_ex.c:159:19:HAL_CRCEx_Input_Data_Reverse	0	static
D:/21032023_TouchGFX_WorkSpace/TouchGFX_4_21_1_First/TouchGFX_4_21_1_Display_TurnOn_TurnOFF/Drivers/STM32F7xx_HAL_Driver/Src/stm32f7xx_hal_crc_ex.c:185:19:HAL_CRCEx_Output_Data_Reverse	0	static
