Archive member included to satisfy reference by file (symbol)

c:/st/stm32cubeide_1.12.0/stm32cubeide/plugins/com.st.stm32cube.ide.mcu.externaltools.gnu-tools-for-stm32.10.3-2021.10.win32_1.0.200.202301161003/tools/bin/../lib/gcc/arm-none-eabi/10.3.1/../../../../arm-none-eabi/lib/thumb/v7e-m+fp/hard\libc_nano.a(lib_a-exit.o)
                              c:/st/stm32cubeide_1.12.0/stm32cubeide/plugins/com.st.stm32cube.ide.mcu.externaltools.gnu-tools-for-stm32.10.3-2021.10.win32_1.0.200.202301161003/tools/bin/../lib/gcc/arm-none-eabi/10.3.1/../../../../arm-none-eabi/lib/thumb/v7e-m+fp/hard/crt0.o (exit)
c:/st/stm32cubeide_1.12.0/stm32cubeide/plugins/com.st.stm32cube.ide.mcu.externaltools.gnu-tools-for-stm32.10.3-2021.10.win32_1.0.200.202301161003/tools/bin/../lib/gcc/arm-none-eabi/10.3.1/../../../../arm-none-eabi/lib/thumb/v7e-m+fp/hard\libc_nano.a(lib_a-impure.o)
                              c:/st/stm32cubeide_1.12.0/stm32cubeide/plugins/com.st.stm32cube.ide.mcu.externaltools.gnu-tools-for-stm32.10.3-2021.10.win32_1.0.200.202301161003/tools/bin/../lib/gcc/arm-none-eabi/10.3.1/../../../../arm-none-eabi/lib/thumb/v7e-m+fp/hard\libc_nano.a(lib_a-exit.o) (_global_impure_ptr)
c:/st/stm32cubeide_1.12.0/stm32cubeide/plugins/com.st.stm32cube.ide.mcu.externaltools.gnu-tools-for-stm32.10.3-2021.10.win32_1.0.200.202301161003/tools/bin/../lib/gcc/arm-none-eabi/10.3.1/../../../../arm-none-eabi/lib/thumb/v7e-m+fp/hard\libc_nano.a(lib_a-init.o)
                              c:/st/stm32cubeide_1.12.0/stm32cubeide/plugins/com.st.stm32cube.ide.mcu.externaltools.gnu-tools-for-stm32.10.3-2021.10.win32_1.0.200.202301161003/tools/bin/../lib/gcc/arm-none-eabi/10.3.1/../../../../arm-none-eabi/lib/thumb/v7e-m+fp/hard/crt0.o (__libc_init_array)
c:/st/stm32cubeide_1.12.0/stm32cubeide/plugins/com.st.stm32cube.ide.mcu.externaltools.gnu-tools-for-stm32.10.3-2021.10.win32_1.0.200.202301161003/tools/bin/../lib/gcc/arm-none-eabi/10.3.1/../../../../arm-none-eabi/lib/thumb/v7e-m+fp/hard\libc_nano.a(lib_a-memset.o)
                              c:/st/stm32cubeide_1.12.0/stm32cubeide/plugins/com.st.stm32cube.ide.mcu.externaltools.gnu-tools-for-stm32.10.3-2021.10.win32_1.0.200.202301161003/tools/bin/../lib/gcc/arm-none-eabi/10.3.1/../../../../arm-none-eabi/lib/thumb/v7e-m+fp/hard/crt0.o (memset)
c:/st/stm32cubeide_1.12.0/stm32cubeide/plugins/com.st.stm32cube.ide.mcu.externaltools.gnu-tools-for-stm32.10.3-2021.10.win32_1.0.200.202301161003/tools/bin/../lib/gcc/arm-none-eabi/10.3.1/../../../../arm-none-eabi/lib/thumb/v7e-m+fp/hard\libnosys.a(_exit.o)
                              c:/st/stm32cubeide_1.12.0/stm32cubeide/plugins/com.st.stm32cube.ide.mcu.externaltools.gnu-tools-for-stm32.10.3-2021.10.win32_1.0.200.202301161003/tools/bin/../lib/gcc/arm-none-eabi/10.3.1/../../../../arm-none-eabi/lib/thumb/v7e-m+fp/hard\libc_nano.a(lib_a-exit.o) (_exit)

Discarded input sections

 .text          0x0000000000000000        0x0 c:/st/stm32cubeide_1.12.0/stm32cubeide/plugins/com.st.stm32cube.ide.mcu.externaltools.gnu-tools-for-stm32.10.3-2021.10.win32_1.0.200.202301161003/tools/bin/../lib/gcc/arm-none-eabi/10.3.1/thumb/v7e-m+fp/hard/crti.o
 .data          0x0000000000000000        0x0 c:/st/stm32cubeide_1.12.0/stm32cubeide/plugins/com.st.stm32cube.ide.mcu.externaltools.gnu-tools-for-stm32.10.3-2021.10.win32_1.0.200.202301161003/tools/bin/../lib/gcc/arm-none-eabi/10.3.1/thumb/v7e-m+fp/hard/crti.o
 .bss           0x0000000000000000        0x0 c:/st/stm32cubeide_1.12.0/stm32cubeide/plugins/com.st.stm32cube.ide.mcu.externaltools.gnu-tools-for-stm32.10.3-2021.10.win32_1.0.200.202301161003/tools/bin/../lib/gcc/arm-none-eabi/10.3.1/thumb/v7e-m+fp/hard/crti.o
 .data          0x0000000000000000        0x4 c:/st/stm32cubeide_1.12.0/stm32cubeide/plugins/com.st.stm32cube.ide.mcu.externaltools.gnu-tools-for-stm32.10.3-2021.10.win32_1.0.200.202301161003/tools/bin/../lib/gcc/arm-none-eabi/10.3.1/thumb/v7e-m+fp/hard/crtbegin.o
 .rodata        0x0000000000000000       0x24 c:/st/stm32cubeide_1.12.0/stm32cubeide/plugins/com.st.stm32cube.ide.mcu.externaltools.gnu-tools-for-stm32.10.3-2021.10.win32_1.0.200.202301161003/tools/bin/../lib/gcc/arm-none-eabi/10.3.1/thumb/v7e-m+fp/hard/crtbegin.o
 .text          0x0000000000000000       0x7c c:/st/stm32cubeide_1.12.0/stm32cubeide/plugins/com.st.stm32cube.ide.mcu.externaltools.gnu-tools-for-stm32.10.3-2021.10.win32_1.0.200.202301161003/tools/bin/../lib/gcc/arm-none-eabi/10.3.1/../../../../arm-none-eabi/lib/thumb/v7e-m+fp/hard/crt0.o
 .data          0x0000000000000000        0x0 c:/st/stm32cubeide_1.12.0/stm32cubeide/plugins/com.st.stm32cube.ide.mcu.externaltools.gnu-tools-for-stm32.10.3-2021.10.win32_1.0.200.202301161003/tools/bin/../lib/gcc/arm-none-eabi/10.3.1/../../../../arm-none-eabi/lib/thumb/v7e-m+fp/hard/crt0.o
 .bss           0x0000000000000000        0x0 c:/st/stm32cubeide_1.12.0/stm32cubeide/plugins/com.st.stm32cube.ide.mcu.externaltools.gnu-tools-for-stm32.10.3-2021.10.win32_1.0.200.202301161003/tools/bin/../lib/gcc/arm-none-eabi/10.3.1/../../../../arm-none-eabi/lib/thumb/v7e-m+fp/hard/crt0.o
 .ARM.extab     0x0000000000000000        0x0 c:/st/stm32cubeide_1.12.0/stm32cubeide/plugins/com.st.stm32cube.ide.mcu.externaltools.gnu-tools-for-stm32.10.3-2021.10.win32_1.0.200.202301161003/tools/bin/../lib/gcc/arm-none-eabi/10.3.1/../../../../arm-none-eabi/lib/thumb/v7e-m+fp/hard/crt0.o
 .ARM.exidx     0x0000000000000000       0x10 c:/st/stm32cubeide_1.12.0/stm32cubeide/plugins/com.st.stm32cube.ide.mcu.externaltools.gnu-tools-for-stm32.10.3-2021.10.win32_1.0.200.202301161003/tools/bin/../lib/gcc/arm-none-eabi/10.3.1/../../../../arm-none-eabi/lib/thumb/v7e-m+fp/hard/crt0.o
 .ARM.attributes
                0x0000000000000000       0x1c c:/st/stm32cubeide_1.12.0/stm32cubeide/plugins/com.st.stm32cube.ide.mcu.externaltools.gnu-tools-for-stm32.10.3-2021.10.win32_1.0.200.202301161003/tools/bin/../lib/gcc/arm-none-eabi/10.3.1/../../../../arm-none-eabi/lib/thumb/v7e-m+fp/hard/crt0.o
 .group         0x0000000000000000        0xc ./MODBUS-LIB/Src/Modbus.o
 .group         0x0000000000000000        0xc ./MODBUS-LIB/Src/Modbus.o
 .group         0x0000000000000000        0xc ./MODBUS-LIB/Src/Modbus.o
 .group         0x0000000000000000        0xc ./MODBUS-LIB/Src/Modbus.o
 .group         0x0000000000000000        0xc ./MODBUS-LIB/Src/Modbus.o
 .group         0x0000000000000000        0xc ./MODBUS-LIB/Src/Modbus.o
 .group         0x0000000000000000        0xc ./MODBUS-LIB/Src/Modbus.o
 .group         0x0000000000000000        0xc ./MODBUS-LIB/Src/Modbus.o
 .group         0x0000000000000000        0xc ./MODBUS-LIB/Src/Modbus.o
 .group         0x0000000000000000        0xc ./MODBUS-LIB/Src/Modbus.o
 .group         0x0000000000000000        0xc ./MODBUS-LIB/Src/Modbus.o
 .group         0x0000000000000000        0xc ./MODBUS-LIB/Src/Modbus.o
 .group         0x0000000000000000        0xc ./MODBUS-LIB/Src/Modbus.o
 .group         0x0000000000000000        0xc ./MODBUS-LIB/Src/Modbus.o
 .group         0x0000000000000000        0xc ./MODBUS-LIB/Src/Modbus.o
 .group         0x0000000000000000        0xc ./MODBUS-LIB/Src/Modbus.o
 .group         0x0000000000000000        0xc ./MODBUS-LIB/Src/Modbus.o
 .group         0x0000000000000000        0xc ./MODBUS-LIB/Src/Modbus.o
 .group         0x0000000000000000        0xc ./MODBUS-LIB/Src/Modbus.o
 .group         0x0000000000000000        0xc ./MODBUS-LIB/Src/Modbus.o
 .group         0x0000000000000000        0xc ./MODBUS-LIB/Src/Modbus.o
 .group         0x0000000000000000        0xc ./MODBUS-LIB/Src/Modbus.o
 .group         0x0000000000000000        0xc ./MODBUS-LIB/Src/Modbus.o
 .group         0x0000000000000000        0xc ./MODBUS-LIB/Src/Modbus.o
 .group         0x0000000000000000        0xc ./MODBUS-LIB/Src/Modbus.o
 .group         0x0000000000000000        0xc ./MODBUS-LIB/Src/Modbus.o
 .group         0x0000000000000000        0xc ./MODBUS-LIB/Src/Modbus.o
 .group         0x0000000000000000        0xc ./MODBUS-LIB/Src/Modbus.o
 .group         0x0000000000000000        0xc ./MODBUS-LIB/Src/Modbus.o
 .group         0x0000000000000000        0xc ./MODBUS-LIB/Src/Modbus.o
 .group         0x0000000000000000        0xc ./MODBUS-LIB/Src/Modbus.o
 .group         0x0000000000000000        0xc ./MODBUS-LIB/Src/Modbus.o
 .group         0x0000000000000000        0xc ./MODBUS-LIB/Src/Modbus.o
 .group         0x0000000000000000        0xc ./MODBUS-LIB/Src/Modbus.o
 .group         0x0000000000000000        0xc ./MODBUS-LIB/Src/Modbus.o
 .group         0x0000000000000000        0xc ./MODBUS-LIB/Src/Modbus.o
 .group         0x0000000000000000        0xc ./MODBUS-LIB/Src/Modbus.o
 .group         0x0000000000000000        0xc ./MODBUS-LIB/Src/Modbus.o
 .group         0x0000000000000000        0xc ./MODBUS-LIB/Src/Modbus.o
 .group         0x0000000000000000        0xc ./MODBUS-LIB/Src/Modbus.o
 .group         0x0000000000000000        0xc ./MODBUS-LIB/Src/Modbus.o
 .group         0x0000000000000000        0xc ./MODBUS-LIB/Src/Modbus.o
 .group         0x0000000000000000        0xc ./MODBUS-LIB/Src/Modbus.o
 .group         0x0000000000000000        0xc ./MODBUS-LIB/Src/Modbus.o
 .group         0x0000000000000000        0xc ./MODBUS-LIB/Src/Modbus.o
 .group         0x0000000000000000        0xc ./MODBUS-LIB/Src/Modbus.o
 .group         0x0000000000000000        0xc ./MODBUS-LIB/Src/Modbus.o
 .group         0x0000000000000000        0xc ./MODBUS-LIB/Src/Modbus.o
 .group         0x0000000000000000        0xc ./MODBUS-LIB/Src/Modbus.o
 .group         0x0000000000000000        0xc ./MODBUS-LIB/Src/Modbus.o
 .group         0x0000000000000000        0xc ./MODBUS-LIB/Src/Modbus.o
 .group         0x0000000000000000        0xc ./MODBUS-LIB/Src/Modbus.o
 .group         0x0000000000000000        0xc ./MODBUS-LIB/Src/Modbus.o
 .group         0x0000000000000000        0xc ./MODBUS-LIB/Src/Modbus.o
 .group         0x0000000000000000        0xc ./MODBUS-LIB/Src/Modbus.o
 .group         0x0000000000000000        0xc ./MODBUS-LIB/Src/Modbus.o
 .group         0x0000000000000000        0xc ./MODBUS-LIB/Src/Modbus.o
 .group         0x0000000000000000        0xc ./MODBUS-LIB/Src/Modbus.o
 .group         0x0000000000000000        0xc ./MODBUS-LIB/Src/Modbus.o
 .group         0x0000000000000000        0xc ./MODBUS-LIB/Src/Modbus.o
 .group         0x0000000000000000        0xc ./MODBUS-LIB/Src/Modbus.o
 .group         0x0000000000000000        0xc ./MODBUS-LIB/Src/Modbus.o
 .group         0x0000000000000000        0xc ./MODBUS-LIB/Src/Modbus.o
 .group         0x0000000000000000        0xc ./MODBUS-LIB/Src/Modbus.o
 .group         0x0000000000000000        0xc ./MODBUS-LIB/Src/Modbus.o
 .group         0x0000000000000000        0xc ./MODBUS-LIB/Src/Modbus.o
 .group         0x0000000000000000        0xc ./MODBUS-LIB/Src/Modbus.o
 .group         0x0000000000000000        0xc ./MODBUS-LIB/Src/Modbus.o
 .group         0x0000000000000000        0xc ./MODBUS-LIB/Src/Modbus.o
 .group         0x0000000000000000        0xc ./MODBUS-LIB/Src/Modbus.o
 .group         0x0000000000000000        0xc ./MODBUS-LIB/Src/Modbus.o
 .group         0x0000000000000000        0xc ./MODBUS-LIB/Src/Modbus.o
 .text          0x0000000000000000        0x0 ./MODBUS-LIB/Src/Modbus.o
 .data          0x0000000000000000        0x0 ./MODBUS-LIB/Src/Modbus.o
 .bss           0x0000000000000000        0x0 ./MODBUS-LIB/Src/Modbus.o
 .text.vTimerCallbackT35
                0x0000000000000000       0x5c ./MODBUS-LIB/Src/Modbus.o
 .text.vTimerCallbackTimeout
                0x0000000000000000       0x3c ./MODBUS-LIB/Src/Modbus.o
 .text.RingAdd  0x0000000000000000       0x3c ./MODBUS-LIB/Src/Modbus.o
 .text.RingGetNBytes
                0x0000000000000000       0x54 ./MODBUS-LIB/Src/Modbus.o
 .text.RingGetAllBytes
                0x0000000000000000        0x8 ./MODBUS-LIB/Src/Modbus.o
 .text.getRxBuffer
                0x0000000000000000       0x62 ./MODBUS-LIB/Src/Modbus.o
 .text.RingCountBytes
                0x0000000000000000        0x6 ./MODBUS-LIB/Src/Modbus.o
 .text.RingClear
                0x0000000000000000       0x14 ./MODBUS-LIB/Src/Modbus.o
 .rodata.ModbusInit.str1.1
                0x0000000000000000       0x17 ./MODBUS-LIB/Src/Modbus.o
 .text.ModbusInit
                0x0000000000000000       0xec ./MODBUS-LIB/Src/Modbus.o
 .text.ModbusStart
                0x0000000000000000       0x74 ./MODBUS-LIB/Src/Modbus.o
 .text.ModbusQuery
                0x0000000000000000       0x30 ./MODBUS-LIB/Src/Modbus.o
 .text.ModbusQueryInject
                0x0000000000000000       0x32 ./MODBUS-LIB/Src/Modbus.o
 .text.calcCRC  0x0000000000000000       0x36 ./MODBUS-LIB/Src/Modbus.o
 .text.sendTxBuffer
                0x0000000000000000       0x9c ./MODBUS-LIB/Src/Modbus.o
 .text.StartTaskModbusSlave
                0x0000000000000000      0x4d0 ./MODBUS-LIB/Src/Modbus.o
 .text.StartTaskModbusMaster
                0x0000000000000000      0x30c ./MODBUS-LIB/Src/Modbus.o
 .rodata.str1.1
                0x0000000000000000       0x40 ./MODBUS-LIB/Src/Modbus.o
 .bss.mHandlers
                0x0000000000000000        0x8 ./MODBUS-LIB/Src/Modbus.o
 .bss.numberHandlers
                0x0000000000000000        0x1 ./MODBUS-LIB/Src/Modbus.o
 .rodata.ModBusSphr_attributes
                0x0000000000000000       0x10 ./MODBUS-LIB/Src/Modbus.o
 .rodata.QueueTelegram_attributes
                0x0000000000000000       0x18 ./MODBUS-LIB/Src/Modbus.o
 .rodata.fctsupported
                0x0000000000000000        0x8 ./MODBUS-LIB/Src/Modbus.o
 .rodata.myTaskModbusA_attributes
                0x0000000000000000       0x24 ./MODBUS-LIB/Src/Modbus.o
 .rodata.myTaskModbusA_attributesTCP
                0x0000000000000000       0x24 ./MODBUS-LIB/Src/Modbus.o
 .rodata.myTaskModbusB_attributes
                0x0000000000000000       0x24 ./MODBUS-LIB/Src/Modbus.o
 .rodata.myTaskModbusB_attributesTCP
                0x0000000000000000       0x24 ./MODBUS-LIB/Src/Modbus.o
 .debug_info    0x0000000000000000     0x2b67 ./MODBUS-LIB/Src/Modbus.o
 .debug_abbrev  0x0000000000000000      0x570 ./MODBUS-LIB/Src/Modbus.o
 .debug_loc     0x0000000000000000     0x198a ./MODBUS-LIB/Src/Modbus.o
 .debug_aranges
                0x0000000000000000       0x98 ./MODBUS-LIB/Src/Modbus.o
 .debug_ranges  0x0000000000000000      0x588 ./MODBUS-LIB/Src/Modbus.o
 .debug_macro   0x0000000000000000      0x3a3 ./MODBUS-LIB/Src/Modbus.o
 .debug_macro   0x0000000000000000      0xa7e ./MODBUS-LIB/Src/Modbus.o
 .debug_macro   0x0000000000000000      0x174 ./MODBUS-LIB/Src/Modbus.o
 .debug_macro   0x0000000000000000       0x22 ./MODBUS-LIB/Src/Modbus.o
 .debug_macro   0x0000000000000000       0x8e ./MODBUS-LIB/Src/Modbus.o
 .debug_macro   0x0000000000000000       0x51 ./MODBUS-LIB/Src/Modbus.o
 .debug_macro   0x0000000000000000      0x103 ./MODBUS-LIB/Src/Modbus.o
 .debug_macro   0x0000000000000000       0x6a ./MODBUS-LIB/Src/Modbus.o
 .debug_macro   0x0000000000000000      0x1df ./MODBUS-LIB/Src/Modbus.o
 .debug_macro   0x0000000000000000      0x16f ./MODBUS-LIB/Src/Modbus.o
 .debug_macro   0x0000000000000000      0x15a ./MODBUS-LIB/Src/Modbus.o
 .debug_macro   0x0000000000000000       0xc9 ./MODBUS-LIB/Src/Modbus.o
 .debug_macro   0x0000000000000000       0x1c ./MODBUS-LIB/Src/Modbus.o
 .debug_macro   0x0000000000000000       0x26 ./MODBUS-LIB/Src/Modbus.o
 .debug_macro   0x0000000000000000      0x4be ./MODBUS-LIB/Src/Modbus.o
 .debug_macro   0x0000000000000000       0xb5 ./MODBUS-LIB/Src/Modbus.o
 .debug_macro   0x0000000000000000       0xaa ./MODBUS-LIB/Src/Modbus.o
 .debug_macro   0x0000000000000000       0x66 ./MODBUS-LIB/Src/Modbus.o
 .debug_macro   0x0000000000000000       0x10 ./MODBUS-LIB/Src/Modbus.o
 .debug_macro   0x0000000000000000       0x74 ./MODBUS-LIB/Src/Modbus.o
 .debug_macro   0x0000000000000000       0xdd ./MODBUS-LIB/Src/Modbus.o
 .debug_macro   0x0000000000000000       0x87 ./MODBUS-LIB/Src/Modbus.o
 .debug_macro   0x0000000000000000      0x2bf ./MODBUS-LIB/Src/Modbus.o
 .debug_macro   0x0000000000000000       0x2e ./MODBUS-LIB/Src/Modbus.o
 .debug_macro   0x0000000000000000       0x28 ./MODBUS-LIB/Src/Modbus.o
 .debug_macro   0x0000000000000000       0x1c ./MODBUS-LIB/Src/Modbus.o
 .debug_macro   0x0000000000000000       0x22 ./MODBUS-LIB/Src/Modbus.o
 .debug_macro   0x0000000000000000       0xd3 ./MODBUS-LIB/Src/Modbus.o
 .debug_macro   0x0000000000000000     0x102d ./MODBUS-LIB/Src/Modbus.o
 .debug_macro   0x0000000000000000      0x11f ./MODBUS-LIB/Src/Modbus.o
 .debug_macro   0x0000000000000000    0x17fc0 ./MODBUS-LIB/Src/Modbus.o
 .debug_macro   0x0000000000000000       0x6d ./MODBUS-LIB/Src/Modbus.o
 .debug_macro   0x0000000000000000     0x36f5 ./MODBUS-LIB/Src/Modbus.o
 .debug_macro   0x0000000000000000       0x5c ./MODBUS-LIB/Src/Modbus.o
 .debug_macro   0x0000000000000000      0xca5 ./MODBUS-LIB/Src/Modbus.o
 .debug_macro   0x0000000000000000      0x9fe ./MODBUS-LIB/Src/Modbus.o
 .debug_macro   0x0000000000000000      0x115 ./MODBUS-LIB/Src/Modbus.o
 .debug_macro   0x0000000000000000      0x156 ./MODBUS-LIB/Src/Modbus.o
 .debug_macro   0x0000000000000000       0xa5 ./MODBUS-LIB/Src/Modbus.o
 .debug_macro   0x0000000000000000      0x182 ./MODBUS-LIB/Src/Modbus.o
 .debug_macro   0x0000000000000000      0x287 ./MODBUS-LIB/Src/Modbus.o
 .debug_macro   0x0000000000000000       0x5f ./MODBUS-LIB/Src/Modbus.o
 .debug_macro   0x0000000000000000      0x236 ./MODBUS-LIB/Src/Modbus.o
 .debug_macro   0x0000000000000000       0x22 ./MODBUS-LIB/Src/Modbus.o
 .debug_macro   0x0000000000000000      0x208 ./MODBUS-LIB/Src/Modbus.o
 .debug_macro   0x0000000000000000      0x132 ./MODBUS-LIB/Src/Modbus.o
 .debug_macro   0x0000000000000000      0x41d ./MODBUS-LIB/Src/Modbus.o
 .debug_macro   0x0000000000000000       0x2e ./MODBUS-LIB/Src/Modbus.o
 .debug_macro   0x0000000000000000      0x556 ./MODBUS-LIB/Src/Modbus.o
 .debug_macro   0x0000000000000000      0x1b5 ./MODBUS-LIB/Src/Modbus.o
 .debug_macro   0x0000000000000000       0x22 ./MODBUS-LIB/Src/Modbus.o
 .debug_macro   0x0000000000000000       0xd6 ./MODBUS-LIB/Src/Modbus.o
 .debug_macro   0x0000000000000000      0x198 ./MODBUS-LIB/Src/Modbus.o
 .debug_macro   0x0000000000000000       0xd6 ./MODBUS-LIB/Src/Modbus.o
 .debug_macro   0x0000000000000000      0x11a ./MODBUS-LIB/Src/Modbus.o
 .debug_macro   0x0000000000000000       0xe2 ./MODBUS-LIB/Src/Modbus.o
 .debug_macro   0x0000000000000000       0x89 ./MODBUS-LIB/Src/Modbus.o
 .debug_macro   0x0000000000000000      0x225 ./MODBUS-LIB/Src/Modbus.o
 .debug_macro   0x0000000000000000      0x8e6 ./MODBUS-LIB/Src/Modbus.o
 .debug_macro   0x0000000000000000       0x47 ./MODBUS-LIB/Src/Modbus.o
 .debug_macro   0x0000000000000000      0x295 ./MODBUS-LIB/Src/Modbus.o
 .debug_macro   0x0000000000000000      0x134 ./MODBUS-LIB/Src/Modbus.o
 .debug_macro   0x0000000000000000       0x28 ./MODBUS-LIB/Src/Modbus.o
 .debug_macro   0x0000000000000000       0x52 ./MODBUS-LIB/Src/Modbus.o
 .debug_macro   0x0000000000000000       0x1e ./MODBUS-LIB/Src/Modbus.o
 .debug_macro   0x0000000000000000       0x3c ./MODBUS-LIB/Src/Modbus.o
 .debug_macro   0x0000000000000000       0x3a ./MODBUS-LIB/Src/Modbus.o
 .debug_macro   0x0000000000000000       0x35 ./MODBUS-LIB/Src/Modbus.o
 .debug_macro   0x0000000000000000      0x460 ./MODBUS-LIB/Src/Modbus.o
 .debug_macro   0x0000000000000000       0x22 ./MODBUS-LIB/Src/Modbus.o
 .debug_macro   0x0000000000000000       0x97 ./MODBUS-LIB/Src/Modbus.o
 .debug_macro   0x0000000000000000       0x34 ./MODBUS-LIB/Src/Modbus.o
 .debug_macro   0x0000000000000000       0x9a ./MODBUS-LIB/Src/Modbus.o
 .debug_line    0x0000000000000000     0x1e02 ./MODBUS-LIB/Src/Modbus.o
 .debug_str     0x0000000000000000    0xe3f79 ./MODBUS-LIB/Src/Modbus.o
 .comment       0x0000000000000000       0x51 ./MODBUS-LIB/Src/Modbus.o
 .debug_frame   0x0000000000000000      0x1e8 ./MODBUS-LIB/Src/Modbus.o
 .ARM.attributes
                0x0000000000000000       0x34 ./MODBUS-LIB/Src/Modbus.o
 .group         0x0000000000000000        0xc ./MODBUS-LIB/Src/UARTCallback.o
 .group         0x0000000000000000        0xc ./MODBUS-LIB/Src/UARTCallback.o
 .group         0x0000000000000000        0xc ./MODBUS-LIB/Src/UARTCallback.o
 .group         0x0000000000000000        0xc ./MODBUS-LIB/Src/UARTCallback.o
 .group         0x0000000000000000        0xc ./MODBUS-LIB/Src/UARTCallback.o
 .group         0x0000000000000000        0xc ./MODBUS-LIB/Src/UARTCallback.o
 .group         0x0000000000000000        0xc ./MODBUS-LIB/Src/UARTCallback.o
 .group         0x0000000000000000        0xc ./MODBUS-LIB/Src/UARTCallback.o
 .group         0x0000000000000000        0xc ./MODBUS-LIB/Src/UARTCallback.o
 .group         0x0000000000000000        0xc ./MODBUS-LIB/Src/UARTCallback.o
 .group         0x0000000000000000        0xc ./MODBUS-LIB/Src/UARTCallback.o
 .group         0x0000000000000000        0xc ./MODBUS-LIB/Src/UARTCallback.o
 .group         0x0000000000000000        0xc ./MODBUS-LIB/Src/UARTCallback.o
 .group         0x0000000000000000        0xc ./MODBUS-LIB/Src/UARTCallback.o
 .group         0x0000000000000000        0xc ./MODBUS-LIB/Src/UARTCallback.o
 .group         0x0000000000000000        0xc ./MODBUS-LIB/Src/UARTCallback.o
 .group         0x0000000000000000        0xc ./MODBUS-LIB/Src/UARTCallback.o
 .group         0x0000000000000000        0xc ./MODBUS-LIB/Src/UARTCallback.o
 .group         0x0000000000000000        0xc ./MODBUS-LIB/Src/UARTCallback.o
 .group         0x0000000000000000        0xc ./MODBUS-LIB/Src/UARTCallback.o
 .group         0x0000000000000000        0xc ./MODBUS-LIB/Src/UARTCallback.o
 .group         0x0000000000000000        0xc ./MODBUS-LIB/Src/UARTCallback.o
 .group         0x0000000000000000        0xc ./MODBUS-LIB/Src/UARTCallback.o
 .group         0x0000000000000000        0xc ./MODBUS-LIB/Src/UARTCallback.o
 .group         0x0000000000000000        0xc ./MODBUS-LIB/Src/UARTCallback.o
 .group         0x0000000000000000        0xc ./MODBUS-LIB/Src/UARTCallback.o
 .group         0x0000000000000000        0xc ./MODBUS-LIB/Src/UARTCallback.o
 .group         0x0000000000000000        0xc ./MODBUS-LIB/Src/UARTCallback.o
 .group         0x0000000000000000        0xc ./MODBUS-LIB/Src/UARTCallback.o
 .group         0x0000000000000000        0xc ./MODBUS-LIB/Src/UARTCallback.o
 .group         0x0000000000000000        0xc ./MODBUS-LIB/Src/UARTCallback.o
 .group         0x0000000000000000        0xc ./MODBUS-LIB/Src/UARTCallback.o
 .group         0x0000000000000000        0xc ./MODBUS-LIB/Src/UARTCallback.o
 .group         0x0000000000000000        0xc ./MODBUS-LIB/Src/UARTCallback.o
 .group         0x0000000000000000        0xc ./MODBUS-LIB/Src/UARTCallback.o
 .group         0x0000000000000000        0xc ./MODBUS-LIB/Src/UARTCallback.o
 .group         0x0000000000000000        0xc ./MODBUS-LIB/Src/UARTCallback.o
 .group         0x0000000000000000        0xc ./MODBUS-LIB/Src/UARTCallback.o
 .group         0x0000000000000000        0xc ./MODBUS-LIB/Src/UARTCallback.o
 .group         0x0000000000000000        0xc ./MODBUS-LIB/Src/UARTCallback.o
 .group         0x0000000000000000        0xc ./MODBUS-LIB/Src/UARTCallback.o
 .group         0x0000000000000000        0xc ./MODBUS-LIB/Src/UARTCallback.o
 .group         0x0000000000000000        0xc ./MODBUS-LIB/Src/UARTCallback.o
 .group         0x0000000000000000        0xc ./MODBUS-LIB/Src/UARTCallback.o
 .group         0x0000000000000000        0xc ./MODBUS-LIB/Src/UARTCallback.o
 .group         0x0000000000000000        0xc ./MODBUS-LIB/Src/UARTCallback.o
 .group         0x0000000000000000        0xc ./MODBUS-LIB/Src/UARTCallback.o
 .group         0x0000000000000000        0xc ./MODBUS-LIB/Src/UARTCallback.o
 .group         0x0000000000000000        0xc ./MODBUS-LIB/Src/UARTCallback.o
 .group         0x0000000000000000        0xc ./MODBUS-LIB/Src/UARTCallback.o
 .group         0x0000000000000000        0xc ./MODBUS-LIB/Src/UARTCallback.o
 .group         0x0000000000000000        0xc ./MODBUS-LIB/Src/UARTCallback.o
 .group         0x0000000000000000        0xc ./MODBUS-LIB/Src/UARTCallback.o
 .group         0x0000000000000000        0xc ./MODBUS-LIB/Src/UARTCallback.o
 .group         0x0000000000000000        0xc ./MODBUS-LIB/Src/UARTCallback.o
 .group         0x0000000000000000        0xc ./MODBUS-LIB/Src/UARTCallback.o
 .group         0x0000000000000000        0xc ./MODBUS-LIB/Src/UARTCallback.o
 .group         0x0000000000000000        0xc ./MODBUS-LIB/Src/UARTCallback.o
 .group         0x0000000000000000        0xc ./MODBUS-LIB/Src/UARTCallback.o
 .group         0x0000000000000000        0xc ./MODBUS-LIB/Src/UARTCallback.o
 .group         0x0000000000000000        0xc ./MODBUS-LIB/Src/UARTCallback.o
 .group         0x0000000000000000        0xc ./MODBUS-LIB/Src/UARTCallback.o
 .group         0x0000000000000000        0xc ./MODBUS-LIB/Src/UARTCallback.o
 .group         0x0000000000000000        0xc ./MODBUS-LIB/Src/UARTCallback.o
 .group         0x0000000000000000        0xc ./MODBUS-LIB/Src/UARTCallback.o
 .group         0x0000000000000000        0xc ./MODBUS-LIB/Src/UARTCallback.o
 .group         0x0000000000000000        0xc ./MODBUS-LIB/Src/UARTCallback.o
 .group         0x0000000000000000        0xc ./MODBUS-LIB/Src/UARTCallback.o
 .group         0x0000000000000000        0xc ./MODBUS-LIB/Src/UARTCallback.o
 .group         0x0000000000000000        0xc ./MODBUS-LIB/Src/UARTCallback.o
 .group         0x0000000000000000        0xc ./MODBUS-LIB/Src/UARTCallback.o
 .text          0x0000000000000000        0x0 ./MODBUS-LIB/Src/UARTCallback.o
 .data          0x0000000000000000        0x0 ./MODBUS-LIB/Src/UARTCallback.o
 .bss           0x0000000000000000        0x0 ./MODBUS-LIB/Src/UARTCallback.o
 .text.HAL_UART_TxCpltCallback
                0x0000000000000000       0x58 ./MODBUS-LIB/Src/UARTCallback.o
 .text.HAL_UART_RxCpltCallback
                0x0000000000000000       0x88 ./MODBUS-LIB/Src/UARTCallback.o
 .debug_info    0x0000000000000000      0xb96 ./MODBUS-LIB/Src/UARTCallback.o
 .debug_abbrev  0x0000000000000000      0x255 ./MODBUS-LIB/Src/UARTCallback.o
 .debug_loc     0x0000000000000000       0xd6 ./MODBUS-LIB/Src/UARTCallback.o
 .debug_aranges
                0x0000000000000000       0x28 ./MODBUS-LIB/Src/UARTCallback.o
 .debug_ranges  0x0000000000000000       0x18 ./MODBUS-LIB/Src/UARTCallback.o
 .debug_macro   0x0000000000000000      0x366 ./MODBUS-LIB/Src/UARTCallback.o
 .debug_macro   0x0000000000000000      0xa7e ./MODBUS-LIB/Src/UARTCallback.o
 .debug_macro   0x0000000000000000      0x174 ./MODBUS-LIB/Src/UARTCallback.o
 .debug_macro   0x0000000000000000       0x22 ./MODBUS-LIB/Src/UARTCallback.o
 .debug_macro   0x0000000000000000       0x8e ./MODBUS-LIB/Src/UARTCallback.o
 .debug_macro   0x0000000000000000       0x51 ./MODBUS-LIB/Src/UARTCallback.o
 .debug_macro   0x0000000000000000      0x103 ./MODBUS-LIB/Src/UARTCallback.o
 .debug_macro   0x0000000000000000       0x6a ./MODBUS-LIB/Src/UARTCallback.o
 .debug_macro   0x0000000000000000      0x1df ./MODBUS-LIB/Src/UARTCallback.o
 .debug_macro   0x0000000000000000      0x16f ./MODBUS-LIB/Src/UARTCallback.o
 .debug_macro   0x0000000000000000      0x15a ./MODBUS-LIB/Src/UARTCallback.o
 .debug_macro   0x0000000000000000       0xc9 ./MODBUS-LIB/Src/UARTCallback.o
 .debug_macro   0x0000000000000000       0x1c ./MODBUS-LIB/Src/UARTCallback.o
 .debug_macro   0x0000000000000000       0x26 ./MODBUS-LIB/Src/UARTCallback.o
 .debug_macro   0x0000000000000000      0x4be ./MODBUS-LIB/Src/UARTCallback.o
 .debug_macro   0x0000000000000000       0xb5 ./MODBUS-LIB/Src/UARTCallback.o
 .debug_macro   0x0000000000000000       0xaa ./MODBUS-LIB/Src/UARTCallback.o
 .debug_macro   0x0000000000000000       0x66 ./MODBUS-LIB/Src/UARTCallback.o
 .debug_macro   0x0000000000000000       0x10 ./MODBUS-LIB/Src/UARTCallback.o
 .debug_macro   0x0000000000000000       0x74 ./MODBUS-LIB/Src/UARTCallback.o
 .debug_macro   0x0000000000000000       0xdd ./MODBUS-LIB/Src/UARTCallback.o
 .debug_macro   0x0000000000000000      0x2bf ./MODBUS-LIB/Src/UARTCallback.o
 .debug_macro   0x0000000000000000       0x2e ./MODBUS-LIB/Src/UARTCallback.o
 .debug_macro   0x0000000000000000       0x28 ./MODBUS-LIB/Src/UARTCallback.o
 .debug_macro   0x0000000000000000       0x1c ./MODBUS-LIB/Src/UARTCallback.o
 .debug_macro   0x0000000000000000       0x22 ./MODBUS-LIB/Src/UARTCallback.o
 .debug_macro   0x0000000000000000       0xd3 ./MODBUS-LIB/Src/UARTCallback.o
 .debug_macro   0x0000000000000000     0x102d ./MODBUS-LIB/Src/UARTCallback.o
 .debug_macro   0x0000000000000000      0x11f ./MODBUS-LIB/Src/UARTCallback.o
 .debug_macro   0x0000000000000000    0x17fc0 ./MODBUS-LIB/Src/UARTCallback.o
 .debug_macro   0x0000000000000000       0x6d ./MODBUS-LIB/Src/UARTCallback.o
 .debug_macro   0x0000000000000000     0x36f5 ./MODBUS-LIB/Src/UARTCallback.o
 .debug_macro   0x0000000000000000       0x5c ./MODBUS-LIB/Src/UARTCallback.o
 .debug_macro   0x0000000000000000      0xca5 ./MODBUS-LIB/Src/UARTCallback.o
 .debug_macro   0x0000000000000000      0x9fe ./MODBUS-LIB/Src/UARTCallback.o
 .debug_macro   0x0000000000000000      0x115 ./MODBUS-LIB/Src/UARTCallback.o
 .debug_macro   0x0000000000000000      0x156 ./MODBUS-LIB/Src/UARTCallback.o
 .debug_macro   0x0000000000000000       0xa5 ./MODBUS-LIB/Src/UARTCallback.o
 .debug_macro   0x0000000000000000      0x182 ./MODBUS-LIB/Src/UARTCallback.o
 .debug_macro   0x0000000000000000      0x287 ./MODBUS-LIB/Src/UARTCallback.o
 .debug_macro   0x0000000000000000       0x5f ./MODBUS-LIB/Src/UARTCallback.o
 .debug_macro   0x0000000000000000      0x236 ./MODBUS-LIB/Src/UARTCallback.o
 .debug_macro   0x0000000000000000       0x22 ./MODBUS-LIB/Src/UARTCallback.o
 .debug_macro   0x0000000000000000      0x208 ./MODBUS-LIB/Src/UARTCallback.o
 .debug_macro   0x0000000000000000      0x132 ./MODBUS-LIB/Src/UARTCallback.o
 .debug_macro   0x0000000000000000      0x41d ./MODBUS-LIB/Src/UARTCallback.o
 .debug_macro   0x0000000000000000       0x2e ./MODBUS-LIB/Src/UARTCallback.o
 .debug_macro   0x0000000000000000      0x556 ./MODBUS-LIB/Src/UARTCallback.o
 .debug_macro   0x0000000000000000      0x1b5 ./MODBUS-LIB/Src/UARTCallback.o
 .debug_macro   0x0000000000000000       0x22 ./MODBUS-LIB/Src/UARTCallback.o
 .debug_macro   0x0000000000000000       0xd6 ./MODBUS-LIB/Src/UARTCallback.o
 .debug_macro   0x0000000000000000      0x198 ./MODBUS-LIB/Src/UARTCallback.o
 .debug_macro   0x0000000000000000       0xd6 ./MODBUS-LIB/Src/UARTCallback.o
 .debug_macro   0x0000000000000000      0x11a ./MODBUS-LIB/Src/UARTCallback.o
 .debug_macro   0x0000000000000000       0xe2 ./MODBUS-LIB/Src/UARTCallback.o
 .debug_macro   0x0000000000000000       0x89 ./MODBUS-LIB/Src/UARTCallback.o
 .debug_macro   0x0000000000000000      0x225 ./MODBUS-LIB/Src/UARTCallback.o
 .debug_macro   0x0000000000000000      0x8e6 ./MODBUS-LIB/Src/UARTCallback.o
 .debug_macro   0x0000000000000000       0x47 ./MODBUS-LIB/Src/UARTCallback.o
 .debug_macro   0x0000000000000000      0x295 ./MODBUS-LIB/Src/UARTCallback.o
 .debug_macro   0x0000000000000000      0x134 ./MODBUS-LIB/Src/UARTCallback.o
 .debug_macro   0x0000000000000000       0x28 ./MODBUS-LIB/Src/UARTCallback.o
 .debug_macro   0x0000000000000000       0x52 ./MODBUS-LIB/Src/UARTCallback.o
 .debug_macro   0x0000000000000000       0x1e ./MODBUS-LIB/Src/UARTCallback.o
 .debug_macro   0x0000000000000000       0x3c ./MODBUS-LIB/Src/UARTCallback.o
 .debug_macro   0x0000000000000000       0x3a ./MODBUS-LIB/Src/UARTCallback.o
 .debug_macro   0x0000000000000000       0x35 ./MODBUS-LIB/Src/UARTCallback.o
 .debug_macro   0x0000000000000000      0x460 ./MODBUS-LIB/Src/UARTCallback.o
 .debug_macro   0x0000000000000000       0x22 ./MODBUS-LIB/Src/UARTCallback.o
 .debug_macro   0x0000000000000000       0x87 ./MODBUS-LIB/Src/UARTCallback.o
 .debug_macro   0x0000000000000000       0x97 ./MODBUS-LIB/Src/UARTCallback.o
 .debug_macro   0x0000000000000000       0x34 ./MODBUS-LIB/Src/UARTCallback.o
 .debug_line    0x0000000000000000      0xb6f ./MODBUS-LIB/Src/UARTCallback.o
 .debug_str     0x0000000000000000    0xe2989 ./MODBUS-LIB/Src/UARTCallback.o
 .comment       0x0000000000000000       0x51 ./MODBUS-LIB/Src/UARTCallback.o
 .debug_frame   0x0000000000000000       0x58 ./MODBUS-LIB/Src/UARTCallback.o
 .ARM.attributes
                0x0000000000000000       0x34 ./MODBUS-LIB/Src/UARTCallback.o
 .text          0x0000000000000000        0x0 c:/st/stm32cubeide_1.12.0/stm32cubeide/plugins/com.st.stm32cube.ide.mcu.externaltools.gnu-tools-for-stm32.10.3-2021.10.win32_1.0.200.202301161003/tools/bin/../lib/gcc/arm-none-eabi/10.3.1/../../../../arm-none-eabi/lib/thumb/v7e-m+fp/hard\libc_nano.a(lib_a-exit.o)
 .data          0x0000000000000000        0x0 c:/st/stm32cubeide_1.12.0/stm32cubeide/plugins/com.st.stm32cube.ide.mcu.externaltools.gnu-tools-for-stm32.10.3-2021.10.win32_1.0.200.202301161003/tools/bin/../lib/gcc/arm-none-eabi/10.3.1/../../../../arm-none-eabi/lib/thumb/v7e-m+fp/hard\libc_nano.a(lib_a-exit.o)
 .bss           0x0000000000000000        0x0 c:/st/stm32cubeide_1.12.0/stm32cubeide/plugins/com.st.stm32cube.ide.mcu.externaltools.gnu-tools-for-stm32.10.3-2021.10.win32_1.0.200.202301161003/tools/bin/../lib/gcc/arm-none-eabi/10.3.1/../../../../arm-none-eabi/lib/thumb/v7e-m+fp/hard\libc_nano.a(lib_a-exit.o)
 .text.exit     0x0000000000000000       0x28 c:/st/stm32cubeide_1.12.0/stm32cubeide/plugins/com.st.stm32cube.ide.mcu.externaltools.gnu-tools-for-stm32.10.3-2021.10.win32_1.0.200.202301161003/tools/bin/../lib/gcc/arm-none-eabi/10.3.1/../../../../arm-none-eabi/lib/thumb/v7e-m+fp/hard\libc_nano.a(lib_a-exit.o)
 .debug_frame   0x0000000000000000       0x28 c:/st/stm32cubeide_1.12.0/stm32cubeide/plugins/com.st.stm32cube.ide.mcu.externaltools.gnu-tools-for-stm32.10.3-2021.10.win32_1.0.200.202301161003/tools/bin/../lib/gcc/arm-none-eabi/10.3.1/../../../../arm-none-eabi/lib/thumb/v7e-m+fp/hard\libc_nano.a(lib_a-exit.o)
 .ARM.attributes
                0x0000000000000000       0x34 c:/st/stm32cubeide_1.12.0/stm32cubeide/plugins/com.st.stm32cube.ide.mcu.externaltools.gnu-tools-for-stm32.10.3-2021.10.win32_1.0.200.202301161003/tools/bin/../lib/gcc/arm-none-eabi/10.3.1/../../../../arm-none-eabi/lib/thumb/v7e-m+fp/hard\libc_nano.a(lib_a-exit.o)
 .text          0x0000000000000000        0x0 c:/st/stm32cubeide_1.12.0/stm32cubeide/plugins/com.st.stm32cube.ide.mcu.externaltools.gnu-tools-for-stm32.10.3-2021.10.win32_1.0.200.202301161003/tools/bin/../lib/gcc/arm-none-eabi/10.3.1/../../../../arm-none-eabi/lib/thumb/v7e-m+fp/hard\libc_nano.a(lib_a-impure.o)
 .data          0x0000000000000000        0x0 c:/st/stm32cubeide_1.12.0/stm32cubeide/plugins/com.st.stm32cube.ide.mcu.externaltools.gnu-tools-for-stm32.10.3-2021.10.win32_1.0.200.202301161003/tools/bin/../lib/gcc/arm-none-eabi/10.3.1/../../../../arm-none-eabi/lib/thumb/v7e-m+fp/hard\libc_nano.a(lib_a-impure.o)
 .bss           0x0000000000000000        0x0 c:/st/stm32cubeide_1.12.0/stm32cubeide/plugins/com.st.stm32cube.ide.mcu.externaltools.gnu-tools-for-stm32.10.3-2021.10.win32_1.0.200.202301161003/tools/bin/../lib/gcc/arm-none-eabi/10.3.1/../../../../arm-none-eabi/lib/thumb/v7e-m+fp/hard\libc_nano.a(lib_a-impure.o)
 .data._impure_ptr
                0x0000000000000000        0x4 c:/st/stm32cubeide_1.12.0/stm32cubeide/plugins/com.st.stm32cube.ide.mcu.externaltools.gnu-tools-for-stm32.10.3-2021.10.win32_1.0.200.202301161003/tools/bin/../lib/gcc/arm-none-eabi/10.3.1/../../../../arm-none-eabi/lib/thumb/v7e-m+fp/hard\libc_nano.a(lib_a-impure.o)
 .data.impure_data
                0x0000000000000000       0x60 c:/st/stm32cubeide_1.12.0/stm32cubeide/plugins/com.st.stm32cube.ide.mcu.externaltools.gnu-tools-for-stm32.10.3-2021.10.win32_1.0.200.202301161003/tools/bin/../lib/gcc/arm-none-eabi/10.3.1/../../../../arm-none-eabi/lib/thumb/v7e-m+fp/hard\libc_nano.a(lib_a-impure.o)
 .rodata._global_impure_ptr
                0x0000000000000000        0x4 c:/st/stm32cubeide_1.12.0/stm32cubeide/plugins/com.st.stm32cube.ide.mcu.externaltools.gnu-tools-for-stm32.10.3-2021.10.win32_1.0.200.202301161003/tools/bin/../lib/gcc/arm-none-eabi/10.3.1/../../../../arm-none-eabi/lib/thumb/v7e-m+fp/hard\libc_nano.a(lib_a-impure.o)
 .ARM.attributes
                0x0000000000000000       0x34 c:/st/stm32cubeide_1.12.0/stm32cubeide/plugins/com.st.stm32cube.ide.mcu.externaltools.gnu-tools-for-stm32.10.3-2021.10.win32_1.0.200.202301161003/tools/bin/../lib/gcc/arm-none-eabi/10.3.1/../../../../arm-none-eabi/lib/thumb/v7e-m+fp/hard\libc_nano.a(lib_a-impure.o)
 .text          0x0000000000000000        0x0 c:/st/stm32cubeide_1.12.0/stm32cubeide/plugins/com.st.stm32cube.ide.mcu.externaltools.gnu-tools-for-stm32.10.3-2021.10.win32_1.0.200.202301161003/tools/bin/../lib/gcc/arm-none-eabi/10.3.1/../../../../arm-none-eabi/lib/thumb/v7e-m+fp/hard\libc_nano.a(lib_a-init.o)
 .data          0x0000000000000000        0x0 c:/st/stm32cubeide_1.12.0/stm32cubeide/plugins/com.st.stm32cube.ide.mcu.externaltools.gnu-tools-for-stm32.10.3-2021.10.win32_1.0.200.202301161003/tools/bin/../lib/gcc/arm-none-eabi/10.3.1/../../../../arm-none-eabi/lib/thumb/v7e-m+fp/hard\libc_nano.a(lib_a-init.o)
 .bss           0x0000000000000000        0x0 c:/st/stm32cubeide_1.12.0/stm32cubeide/plugins/com.st.stm32cube.ide.mcu.externaltools.gnu-tools-for-stm32.10.3-2021.10.win32_1.0.200.202301161003/tools/bin/../lib/gcc/arm-none-eabi/10.3.1/../../../../arm-none-eabi/lib/thumb/v7e-m+fp/hard\libc_nano.a(lib_a-init.o)
 .text.__libc_init_array
                0x0000000000000000       0x48 c:/st/stm32cubeide_1.12.0/stm32cubeide/plugins/com.st.stm32cube.ide.mcu.externaltools.gnu-tools-for-stm32.10.3-2021.10.win32_1.0.200.202301161003/tools/bin/../lib/gcc/arm-none-eabi/10.3.1/../../../../arm-none-eabi/lib/thumb/v7e-m+fp/hard\libc_nano.a(lib_a-init.o)
 .debug_frame   0x0000000000000000       0x2c c:/st/stm32cubeide_1.12.0/stm32cubeide/plugins/com.st.stm32cube.ide.mcu.externaltools.gnu-tools-for-stm32.10.3-2021.10.win32_1.0.200.202301161003/tools/bin/../lib/gcc/arm-none-eabi/10.3.1/../../../../arm-none-eabi/lib/thumb/v7e-m+fp/hard\libc_nano.a(lib_a-init.o)
 .ARM.attributes
                0x0000000000000000       0x34 c:/st/stm32cubeide_1.12.0/stm32cubeide/plugins/com.st.stm32cube.ide.mcu.externaltools.gnu-tools-for-stm32.10.3-2021.10.win32_1.0.200.202301161003/tools/bin/../lib/gcc/arm-none-eabi/10.3.1/../../../../arm-none-eabi/lib/thumb/v7e-m+fp/hard\libc_nano.a(lib_a-init.o)
 .text          0x0000000000000000        0x0 c:/st/stm32cubeide_1.12.0/stm32cubeide/plugins/com.st.stm32cube.ide.mcu.externaltools.gnu-tools-for-stm32.10.3-2021.10.win32_1.0.200.202301161003/tools/bin/../lib/gcc/arm-none-eabi/10.3.1/../../../../arm-none-eabi/lib/thumb/v7e-m+fp/hard\libc_nano.a(lib_a-memset.o)
 .data          0x0000000000000000        0x0 c:/st/stm32cubeide_1.12.0/stm32cubeide/plugins/com.st.stm32cube.ide.mcu.externaltools.gnu-tools-for-stm32.10.3-2021.10.win32_1.0.200.202301161003/tools/bin/../lib/gcc/arm-none-eabi/10.3.1/../../../../arm-none-eabi/lib/thumb/v7e-m+fp/hard\libc_nano.a(lib_a-memset.o)
 .bss           0x0000000000000000        0x0 c:/st/stm32cubeide_1.12.0/stm32cubeide/plugins/com.st.stm32cube.ide.mcu.externaltools.gnu-tools-for-stm32.10.3-2021.10.win32_1.0.200.202301161003/tools/bin/../lib/gcc/arm-none-eabi/10.3.1/../../../../arm-none-eabi/lib/thumb/v7e-m+fp/hard\libc_nano.a(lib_a-memset.o)
 .text.memset   0x0000000000000000       0x10 c:/st/stm32cubeide_1.12.0/stm32cubeide/plugins/com.st.stm32cube.ide.mcu.externaltools.gnu-tools-for-stm32.10.3-2021.10.win32_1.0.200.202301161003/tools/bin/../lib/gcc/arm-none-eabi/10.3.1/../../../../arm-none-eabi/lib/thumb/v7e-m+fp/hard\libc_nano.a(lib_a-memset.o)
 .debug_frame   0x0000000000000000       0x20 c:/st/stm32cubeide_1.12.0/stm32cubeide/plugins/com.st.stm32cube.ide.mcu.externaltools.gnu-tools-for-stm32.10.3-2021.10.win32_1.0.200.202301161003/tools/bin/../lib/gcc/arm-none-eabi/10.3.1/../../../../arm-none-eabi/lib/thumb/v7e-m+fp/hard\libc_nano.a(lib_a-memset.o)
 .ARM.attributes
                0x0000000000000000       0x34 c:/st/stm32cubeide_1.12.0/stm32cubeide/plugins/com.st.stm32cube.ide.mcu.externaltools.gnu-tools-for-stm32.10.3-2021.10.win32_1.0.200.202301161003/tools/bin/../lib/gcc/arm-none-eabi/10.3.1/../../../../arm-none-eabi/lib/thumb/v7e-m+fp/hard\libc_nano.a(lib_a-memset.o)
 .text          0x0000000000000000        0x0 c:/st/stm32cubeide_1.12.0/stm32cubeide/plugins/com.st.stm32cube.ide.mcu.externaltools.gnu-tools-for-stm32.10.3-2021.10.win32_1.0.200.202301161003/tools/bin/../lib/gcc/arm-none-eabi/10.3.1/../../../../arm-none-eabi/lib/thumb/v7e-m+fp/hard\libnosys.a(_exit.o)
 .data          0x0000000000000000        0x0 c:/st/stm32cubeide_1.12.0/stm32cubeide/plugins/com.st.stm32cube.ide.mcu.externaltools.gnu-tools-for-stm32.10.3-2021.10.win32_1.0.200.202301161003/tools/bin/../lib/gcc/arm-none-eabi/10.3.1/../../../../arm-none-eabi/lib/thumb/v7e-m+fp/hard\libnosys.a(_exit.o)
 .bss           0x0000000000000000        0x0 c:/st/stm32cubeide_1.12.0/stm32cubeide/plugins/com.st.stm32cube.ide.mcu.externaltools.gnu-tools-for-stm32.10.3-2021.10.win32_1.0.200.202301161003/tools/bin/../lib/gcc/arm-none-eabi/10.3.1/../../../../arm-none-eabi/lib/thumb/v7e-m+fp/hard\libnosys.a(_exit.o)
 .text._exit    0x0000000000000000        0x2 c:/st/stm32cubeide_1.12.0/stm32cubeide/plugins/com.st.stm32cube.ide.mcu.externaltools.gnu-tools-for-stm32.10.3-2021.10.win32_1.0.200.202301161003/tools/bin/../lib/gcc/arm-none-eabi/10.3.1/../../../../arm-none-eabi/lib/thumb/v7e-m+fp/hard\libnosys.a(_exit.o)
 .debug_frame   0x0000000000000000       0x20 c:/st/stm32cubeide_1.12.0/stm32cubeide/plugins/com.st.stm32cube.ide.mcu.externaltools.gnu-tools-for-stm32.10.3-2021.10.win32_1.0.200.202301161003/tools/bin/../lib/gcc/arm-none-eabi/10.3.1/../../../../arm-none-eabi/lib/thumb/v7e-m+fp/hard\libnosys.a(_exit.o)
 .ARM.attributes
                0x0000000000000000       0x34 c:/st/stm32cubeide_1.12.0/stm32cubeide/plugins/com.st.stm32cube.ide.mcu.externaltools.gnu-tools-for-stm32.10.3-2021.10.win32_1.0.200.202301161003/tools/bin/../lib/gcc/arm-none-eabi/10.3.1/../../../../arm-none-eabi/lib/thumb/v7e-m+fp/hard\libnosys.a(_exit.o)
 .text          0x0000000000000000        0x0 c:/st/stm32cubeide_1.12.0/stm32cubeide/plugins/com.st.stm32cube.ide.mcu.externaltools.gnu-tools-for-stm32.10.3-2021.10.win32_1.0.200.202301161003/tools/bin/../lib/gcc/arm-none-eabi/10.3.1/thumb/v7e-m+fp/hard/crtend.o
 .data          0x0000000000000000        0x0 c:/st/stm32cubeide_1.12.0/stm32cubeide/plugins/com.st.stm32cube.ide.mcu.externaltools.gnu-tools-for-stm32.10.3-2021.10.win32_1.0.200.202301161003/tools/bin/../lib/gcc/arm-none-eabi/10.3.1/thumb/v7e-m+fp/hard/crtend.o
 .bss           0x0000000000000000        0x0 c:/st/stm32cubeide_1.12.0/stm32cubeide/plugins/com.st.stm32cube.ide.mcu.externaltools.gnu-tools-for-stm32.10.3-2021.10.win32_1.0.200.202301161003/tools/bin/../lib/gcc/arm-none-eabi/10.3.1/thumb/v7e-m+fp/hard/crtend.o
 .rodata        0x0000000000000000       0x24 c:/st/stm32cubeide_1.12.0/stm32cubeide/plugins/com.st.stm32cube.ide.mcu.externaltools.gnu-tools-for-stm32.10.3-2021.10.win32_1.0.200.202301161003/tools/bin/../lib/gcc/arm-none-eabi/10.3.1/thumb/v7e-m+fp/hard/crtend.o
 .eh_frame      0x0000000000000000        0x4 c:/st/stm32cubeide_1.12.0/stm32cubeide/plugins/com.st.stm32cube.ide.mcu.externaltools.gnu-tools-for-stm32.10.3-2021.10.win32_1.0.200.202301161003/tools/bin/../lib/gcc/arm-none-eabi/10.3.1/thumb/v7e-m+fp/hard/crtend.o
 .ARM.attributes
                0x0000000000000000       0x34 c:/st/stm32cubeide_1.12.0/stm32cubeide/plugins/com.st.stm32cube.ide.mcu.externaltools.gnu-tools-for-stm32.10.3-2021.10.win32_1.0.200.202301161003/tools/bin/../lib/gcc/arm-none-eabi/10.3.1/thumb/v7e-m+fp/hard/crtend.o
 .text          0x0000000000000000        0x0 c:/st/stm32cubeide_1.12.0/stm32cubeide/plugins/com.st.stm32cube.ide.mcu.externaltools.gnu-tools-for-stm32.10.3-2021.10.win32_1.0.200.202301161003/tools/bin/../lib/gcc/arm-none-eabi/10.3.1/thumb/v7e-m+fp/hard/crtn.o
 .data          0x0000000000000000        0x0 c:/st/stm32cubeide_1.12.0/stm32cubeide/plugins/com.st.stm32cube.ide.mcu.externaltools.gnu-tools-for-stm32.10.3-2021.10.win32_1.0.200.202301161003/tools/bin/../lib/gcc/arm-none-eabi/10.3.1/thumb/v7e-m+fp/hard/crtn.o
 .bss           0x0000000000000000        0x0 c:/st/stm32cubeide_1.12.0/stm32cubeide/plugins/com.st.stm32cube.ide.mcu.externaltools.gnu-tools-for-stm32.10.3-2021.10.win32_1.0.200.202301161003/tools/bin/../lib/gcc/arm-none-eabi/10.3.1/thumb/v7e-m+fp/hard/crtn.o

Memory Configuration

Name             Origin             Length             Attributes
CCMRAM           0x0000000010000000 0x0000000000010000 xrw
RAM              0x0000000020000000 0x0000000000030000 xrw
FLASH            0x0000000008000000 0x0000000000200000 xr
SDRAM            0x00000000d0000000 0x0000000000800000 xrw
*default*        0x0000000000000000 0xffffffffffffffff

Linker script and memory map

LOAD c:/st/stm32cubeide_1.12.0/stm32cubeide/plugins/com.st.stm32cube.ide.mcu.externaltools.gnu-tools-for-stm32.10.3-2021.10.win32_1.0.200.202301161003/tools/bin/../lib/gcc/arm-none-eabi/10.3.1/thumb/v7e-m+fp/hard/crti.o
LOAD c:/st/stm32cubeide_1.12.0/stm32cubeide/plugins/com.st.stm32cube.ide.mcu.externaltools.gnu-tools-for-stm32.10.3-2021.10.win32_1.0.200.202301161003/tools/bin/../lib/gcc/arm-none-eabi/10.3.1/thumb/v7e-m+fp/hard/crtbegin.o
LOAD c:/st/stm32cubeide_1.12.0/stm32cubeide/plugins/com.st.stm32cube.ide.mcu.externaltools.gnu-tools-for-stm32.10.3-2021.10.win32_1.0.200.202301161003/tools/bin/../lib/gcc/arm-none-eabi/10.3.1/../../../../arm-none-eabi/lib/thumb/v7e-m+fp/hard/crt0.o
LOAD ./MODBUS-LIB/Src/Modbus.o
LOAD ./MODBUS-LIB/Src/UARTCallback.o
LOAD D:/21032023_TouchGFX_WorkSpace/TouchGFX_4_21_1_First/TouchGFX_4.21.1_Modbus_Test/Middlewares/ST/touchgfx/lib/core/cortex_m4f/gcc\libtouchgfx-float-abi-hard.a
START GROUP
LOAD c:/st/stm32cubeide_1.12.0/stm32cubeide/plugins/com.st.stm32cube.ide.mcu.externaltools.gnu-tools-for-stm32.10.3-2021.10.win32_1.0.200.202301161003/tools/bin/../lib/gcc/arm-none-eabi/10.3.1/../../../../arm-none-eabi/lib/thumb/v7e-m+fp/hard\libstdc++_nano.a
LOAD c:/st/stm32cubeide_1.12.0/stm32cubeide/plugins/com.st.stm32cube.ide.mcu.externaltools.gnu-tools-for-stm32.10.3-2021.10.win32_1.0.200.202301161003/tools/bin/../lib/gcc/arm-none-eabi/10.3.1/../../../../arm-none-eabi/lib/thumb/v7e-m+fp/hard\libsupc++_nano.a
END GROUP
LOAD c:/st/stm32cubeide_1.12.0/stm32cubeide/plugins/com.st.stm32cube.ide.mcu.externaltools.gnu-tools-for-stm32.10.3-2021.10.win32_1.0.200.202301161003/tools/bin/../lib/gcc/arm-none-eabi/10.3.1/../../../../arm-none-eabi/lib/thumb/v7e-m+fp/hard\libstdc++_nano.a
LOAD c:/st/stm32cubeide_1.12.0/stm32cubeide/plugins/com.st.stm32cube.ide.mcu.externaltools.gnu-tools-for-stm32.10.3-2021.10.win32_1.0.200.202301161003/tools/bin/../lib/gcc/arm-none-eabi/10.3.1/../../../../arm-none-eabi/lib/thumb/v7e-m+fp/hard\libm.a
LOAD c:/st/stm32cubeide_1.12.0/stm32cubeide/plugins/com.st.stm32cube.ide.mcu.externaltools.gnu-tools-for-stm32.10.3-2021.10.win32_1.0.200.202301161003/tools/bin/../lib/gcc/arm-none-eabi/10.3.1/../../../../arm-none-eabi/lib/thumb/v7e-m+fp/hard\libc_nano.a
START GROUP
LOAD c:/st/stm32cubeide_1.12.0/stm32cubeide/plugins/com.st.stm32cube.ide.mcu.externaltools.gnu-tools-for-stm32.10.3-2021.10.win32_1.0.200.202301161003/tools/bin/../lib/gcc/arm-none-eabi/10.3.1/thumb/v7e-m+fp/hard\libgcc.a
LOAD c:/st/stm32cubeide_1.12.0/stm32cubeide/plugins/com.st.stm32cube.ide.mcu.externaltools.gnu-tools-for-stm32.10.3-2021.10.win32_1.0.200.202301161003/tools/bin/../lib/gcc/arm-none-eabi/10.3.1/../../../../arm-none-eabi/lib/thumb/v7e-m+fp/hard\libc_nano.a
END GROUP
START GROUP
LOAD c:/st/stm32cubeide_1.12.0/stm32cubeide/plugins/com.st.stm32cube.ide.mcu.externaltools.gnu-tools-for-stm32.10.3-2021.10.win32_1.0.200.202301161003/tools/bin/../lib/gcc/arm-none-eabi/10.3.1/thumb/v7e-m+fp/hard\libgcc.a
LOAD c:/st/stm32cubeide_1.12.0/stm32cubeide/plugins/com.st.stm32cube.ide.mcu.externaltools.gnu-tools-for-stm32.10.3-2021.10.win32_1.0.200.202301161003/tools/bin/../lib/gcc/arm-none-eabi/10.3.1/../../../../arm-none-eabi/lib/thumb/v7e-m+fp/hard\libc_nano.a
LOAD c:/st/stm32cubeide_1.12.0/stm32cubeide/plugins/com.st.stm32cube.ide.mcu.externaltools.gnu-tools-for-stm32.10.3-2021.10.win32_1.0.200.202301161003/tools/bin/../lib/gcc/arm-none-eabi/10.3.1/../../../../arm-none-eabi/lib/thumb/v7e-m+fp/hard\libnosys.a
END GROUP
START GROUP
LOAD c:/st/stm32cubeide_1.12.0/stm32cubeide/plugins/com.st.stm32cube.ide.mcu.externaltools.gnu-tools-for-stm32.10.3-2021.10.win32_1.0.200.202301161003/tools/bin/../lib/gcc/arm-none-eabi/10.3.1/thumb/v7e-m+fp/hard\libgcc.a
LOAD c:/st/stm32cubeide_1.12.0/stm32cubeide/plugins/com.st.stm32cube.ide.mcu.externaltools.gnu-tools-for-stm32.10.3-2021.10.win32_1.0.200.202301161003/tools/bin/../lib/gcc/arm-none-eabi/10.3.1/../../../../arm-none-eabi/lib/thumb/v7e-m+fp/hard\libc_nano.a
LOAD c:/st/stm32cubeide_1.12.0/stm32cubeide/plugins/com.st.stm32cube.ide.mcu.externaltools.gnu-tools-for-stm32.10.3-2021.10.win32_1.0.200.202301161003/tools/bin/../lib/gcc/arm-none-eabi/10.3.1/../../../../arm-none-eabi/lib/thumb/v7e-m+fp/hard\libnosys.a
END GROUP
LOAD c:/st/stm32cubeide_1.12.0/stm32cubeide/plugins/com.st.stm32cube.ide.mcu.externaltools.gnu-tools-for-stm32.10.3-2021.10.win32_1.0.200.202301161003/tools/bin/../lib/gcc/arm-none-eabi/10.3.1/thumb/v7e-m+fp/hard/crtend.o
LOAD c:/st/stm32cubeide_1.12.0/stm32cubeide/plugins/com.st.stm32cube.ide.mcu.externaltools.gnu-tools-for-stm32.10.3-2021.10.win32_1.0.200.202301161003/tools/bin/../lib/gcc/arm-none-eabi/10.3.1/thumb/v7e-m+fp/hard/crtn.o
                0x0000000020030000                _estack = (ORIGIN (RAM) + LENGTH (RAM))
                0x0000000000000a00                _Min_Heap_Size = 0xa00
                0x0000000000000a00                _Min_Stack_Size = 0xa00

.isr_vector     0x0000000008000000        0x0
                0x0000000008000000                . = ALIGN (0x4)
 *(.isr_vector)
                0x0000000008000000                . = ALIGN (0x4)

.text           0x0000000008000000       0x58
                0x0000000008000000                . = ALIGN (0x4)
 *(.text)
 .text          0x0000000008000000       0x40 c:/st/stm32cubeide_1.12.0/stm32cubeide/plugins/com.st.stm32cube.ide.mcu.externaltools.gnu-tools-for-stm32.10.3-2021.10.win32_1.0.200.202301161003/tools/bin/../lib/gcc/arm-none-eabi/10.3.1/thumb/v7e-m+fp/hard/crtbegin.o
 *(.text*)
 *(.glue_7)
 .glue_7        0x0000000008000040        0x0 linker stubs
 *(.glue_7t)
 .glue_7t       0x0000000008000040        0x0 linker stubs
 *(.eh_frame)
 .eh_frame      0x0000000008000040        0x0 c:/st/stm32cubeide_1.12.0/stm32cubeide/plugins/com.st.stm32cube.ide.mcu.externaltools.gnu-tools-for-stm32.10.3-2021.10.win32_1.0.200.202301161003/tools/bin/../lib/gcc/arm-none-eabi/10.3.1/thumb/v7e-m+fp/hard/crtbegin.o
 *(.init)
 .init          0x0000000008000040        0x4 c:/st/stm32cubeide_1.12.0/stm32cubeide/plugins/com.st.stm32cube.ide.mcu.externaltools.gnu-tools-for-stm32.10.3-2021.10.win32_1.0.200.202301161003/tools/bin/../lib/gcc/arm-none-eabi/10.3.1/thumb/v7e-m+fp/hard/crti.o
                0x0000000008000040                _init
 .init          0x0000000008000044        0x8 c:/st/stm32cubeide_1.12.0/stm32cubeide/plugins/com.st.stm32cube.ide.mcu.externaltools.gnu-tools-for-stm32.10.3-2021.10.win32_1.0.200.202301161003/tools/bin/../lib/gcc/arm-none-eabi/10.3.1/thumb/v7e-m+fp/hard/crtn.o
 *(.fini)
 .fini          0x000000000800004c        0x4 c:/st/stm32cubeide_1.12.0/stm32cubeide/plugins/com.st.stm32cube.ide.mcu.externaltools.gnu-tools-for-stm32.10.3-2021.10.win32_1.0.200.202301161003/tools/bin/../lib/gcc/arm-none-eabi/10.3.1/thumb/v7e-m+fp/hard/crti.o
                0x000000000800004c                _fini
 .fini          0x0000000008000050        0x8 c:/st/stm32cubeide_1.12.0/stm32cubeide/plugins/com.st.stm32cube.ide.mcu.externaltools.gnu-tools-for-stm32.10.3-2021.10.win32_1.0.200.202301161003/tools/bin/../lib/gcc/arm-none-eabi/10.3.1/thumb/v7e-m+fp/hard/crtn.o
                0x0000000008000058                . = ALIGN (0x4)
                0x0000000008000058                _etext = .

.vfp11_veneer   0x0000000008000058        0x0
 .vfp11_veneer  0x0000000008000058        0x0 linker stubs

.v4_bx          0x0000000008000058        0x0
 .v4_bx         0x0000000008000058        0x0 linker stubs

.iplt           0x0000000008000058        0x0
 .iplt          0x0000000008000058        0x0 c:/st/stm32cubeide_1.12.0/stm32cubeide/plugins/com.st.stm32cube.ide.mcu.externaltools.gnu-tools-for-stm32.10.3-2021.10.win32_1.0.200.202301161003/tools/bin/../lib/gcc/arm-none-eabi/10.3.1/thumb/v7e-m+fp/hard/crtbegin.o

.rel.dyn        0x0000000008000058        0x0
 .rel.iplt      0x0000000008000058        0x0 c:/st/stm32cubeide_1.12.0/stm32cubeide/plugins/com.st.stm32cube.ide.mcu.externaltools.gnu-tools-for-stm32.10.3-2021.10.win32_1.0.200.202301161003/tools/bin/../lib/gcc/arm-none-eabi/10.3.1/thumb/v7e-m+fp/hard/crtbegin.o

.rodata         0x0000000008000058        0x0
                0x0000000008000058                . = ALIGN (0x4)
 *(.rodata)
 *(.rodata*)
                0x0000000008000058                . = ALIGN (0x4)

.ARM.extab      0x0000000008000058        0x0
                0x0000000008000058                . = ALIGN (0x4)
 *(.ARM.extab* .gnu.linkonce.armextab.*)
                0x0000000008000058                . = ALIGN (0x4)

.ARM            0x0000000008000058        0x0
                0x0000000008000058                . = ALIGN (0x4)
                0x0000000008000058                __exidx_start = .
 *(.ARM.exidx*)
                0x0000000008000058                __exidx_end = .
                0x0000000008000058                . = ALIGN (0x4)

.preinit_array  0x0000000008000058        0x0
                0x0000000008000058                . = ALIGN (0x4)
                0x0000000008000058                PROVIDE (__preinit_array_start = .)
 *(.preinit_array*)
                0x0000000008000058                PROVIDE (__preinit_array_end = .)
                0x0000000008000058                . = ALIGN (0x4)

.init_array     0x0000000008000058        0x4
                0x0000000008000058                . = ALIGN (0x4)
                0x0000000008000058                PROVIDE (__init_array_start = .)
 *(SORT_BY_NAME(.init_array.*))
 *(.init_array*)
 .init_array    0x0000000008000058        0x4 c:/st/stm32cubeide_1.12.0/stm32cubeide/plugins/com.st.stm32cube.ide.mcu.externaltools.gnu-tools-for-stm32.10.3-2021.10.win32_1.0.200.202301161003/tools/bin/../lib/gcc/arm-none-eabi/10.3.1/thumb/v7e-m+fp/hard/crtbegin.o
                0x000000000800005c                PROVIDE (__init_array_end = .)
                0x000000000800005c                . = ALIGN (0x4)

.fini_array     0x000000000800005c        0x4
                0x000000000800005c                . = ALIGN (0x4)
                [!provide]                        PROVIDE (__fini_array_start = .)
 *(SORT_BY_NAME(.fini_array.*))
 *(.fini_array*)
 .fini_array    0x000000000800005c        0x4 c:/st/stm32cubeide_1.12.0/stm32cubeide/plugins/com.st.stm32cube.ide.mcu.externaltools.gnu-tools-for-stm32.10.3-2021.10.win32_1.0.200.202301161003/tools/bin/../lib/gcc/arm-none-eabi/10.3.1/thumb/v7e-m+fp/hard/crtbegin.o
                [!provide]                        PROVIDE (__fini_array_end = .)
                0x0000000008000060                . = ALIGN (0x4)
                0x0000000008000060                _sidata = LOADADDR (.data)

.data           0x0000000020000000        0x0 load address 0x0000000008000060
                0x0000000020000000                . = ALIGN (0x4)
                0x0000000020000000                _sdata = .
 *(.data)
 *(.data*)
                0x0000000020000000                . = ALIGN (0x4)
                0x0000000020000000                _edata = .

.igot.plt       0x0000000020000000        0x0 load address 0x0000000008000060
 .igot.plt      0x0000000020000000        0x0 c:/st/stm32cubeide_1.12.0/stm32cubeide/plugins/com.st.stm32cube.ide.mcu.externaltools.gnu-tools-for-stm32.10.3-2021.10.win32_1.0.200.202301161003/tools/bin/../lib/gcc/arm-none-eabi/10.3.1/thumb/v7e-m+fp/hard/crtbegin.o
                0x0000000020000000                . = ALIGN (0x4)

.bss            0x0000000020000000       0x1c load address 0x0000000008000060
                0x0000000020000000                _sbss = .
                0x0000000020000000                __bss_start__ = _sbss
 *(.bss)
 .bss           0x0000000020000000       0x1c c:/st/stm32cubeide_1.12.0/stm32cubeide/plugins/com.st.stm32cube.ide.mcu.externaltools.gnu-tools-for-stm32.10.3-2021.10.win32_1.0.200.202301161003/tools/bin/../lib/gcc/arm-none-eabi/10.3.1/thumb/v7e-m+fp/hard/crtbegin.o
 *(.bss*)
 *(COMMON)
                0x000000002000001c                . = ALIGN (0x4)
                0x000000002000001c                _ebss = .
                0x000000002000001c                __bss_end__ = _ebss

._user_heap_stack
                0x000000002000001c     0x1404 load address 0x0000000008000060
                0x0000000020000020                . = ALIGN (0x8)
 *fill*         0x000000002000001c        0x4 
                [!provide]                        PROVIDE (end = .)
                [!provide]                        PROVIDE (_end = .)
                0x0000000020000a20                . = (. + _Min_Heap_Size)
 *fill*         0x0000000020000020      0xa00 
                0x0000000020001420                . = (. + _Min_Stack_Size)
 *fill*         0x0000000020000a20      0xa00 
                0x0000000020001420                . = ALIGN (0x8)

/DISCARD/
 libc.a(*)
 libm.a(*)
 libgcc.a(*)

.ARM.attributes
                0x0000000000000000       0x30
 *(.ARM.attributes)
 .ARM.attributes
                0x0000000000000000       0x1e c:/st/stm32cubeide_1.12.0/stm32cubeide/plugins/com.st.stm32cube.ide.mcu.externaltools.gnu-tools-for-stm32.10.3-2021.10.win32_1.0.200.202301161003/tools/bin/../lib/gcc/arm-none-eabi/10.3.1/thumb/v7e-m+fp/hard/crti.o
 .ARM.attributes
                0x000000000000001e       0x34 c:/st/stm32cubeide_1.12.0/stm32cubeide/plugins/com.st.stm32cube.ide.mcu.externaltools.gnu-tools-for-stm32.10.3-2021.10.win32_1.0.200.202301161003/tools/bin/../lib/gcc/arm-none-eabi/10.3.1/thumb/v7e-m+fp/hard/crtbegin.o
 .ARM.attributes
                0x0000000000000052       0x1e c:/st/stm32cubeide_1.12.0/stm32cubeide/plugins/com.st.stm32cube.ide.mcu.externaltools.gnu-tools-for-stm32.10.3-2021.10.win32_1.0.200.202301161003/tools/bin/../lib/gcc/arm-none-eabi/10.3.1/thumb/v7e-m+fp/hard/crtn.o

TouchGFX_Framebuffer
 *(TouchGFX_Framebuffer)
OUTPUT(STM32F429I-DISCO.elf elf32-littlearm)
LOAD linker stubs
LOAD c:/st/stm32cubeide_1.12.0/stm32cubeide/plugins/com.st.stm32cube.ide.mcu.externaltools.gnu-tools-for-stm32.10.3-2021.10.win32_1.0.200.202301161003/tools/bin/../lib/gcc/arm-none-eabi/10.3.1/../../../../arm-none-eabi/lib/thumb/v7e-m+fp/hard\libc.a
LOAD c:/st/stm32cubeide_1.12.0/stm32cubeide/plugins/com.st.stm32cube.ide.mcu.externaltools.gnu-tools-for-stm32.10.3-2021.10.win32_1.0.200.202301161003/tools/bin/../lib/gcc/arm-none-eabi/10.3.1/../../../../arm-none-eabi/lib/thumb/v7e-m+fp/hard\libm.a
LOAD c:/st/stm32cubeide_1.12.0/stm32cubeide/plugins/com.st.stm32cube.ide.mcu.externaltools.gnu-tools-for-stm32.10.3-2021.10.win32_1.0.200.202301161003/tools/bin/../lib/gcc/arm-none-eabi/10.3.1/thumb/v7e-m+fp/hard\libgcc.a
