../../Middlewares/ST/touchgfx/framework/include/touchgfx/Screen.hpp:104:18:virtual void touchgfx::Screen::afterTransition()	0	static
../../Middlewares/ST/touchgfx/framework/include/touchgfx/Screen.hpp:144:18:virtual void touchgfx::Screen::handleTickEvent()	0	static
../../Middlewares/ST/touchgfx/framework/include/touchgfx/Screen.hpp:154:18:virtual void touchgfx::Screen::handleKeyEvent(uint8_t)	0	static
D:/21032023_TouchGFX_WorkSpace/TouchGFX_4_21_1_First/TouchGFX_4_21_1_MultipleScreens/TouchGFX/gui/src/screen2_screen/Screen2View.cpp:18:6:virtual void Screen2View::tearDownScreen()	0	static
D:/21032023_TouchGFX_WorkSpace/TouchGFX_4_21_1_First/TouchGFX_4_21_1_MultipleScreens/TouchGFX/gui/src/screen2_screen/Screen2View.cpp:51:6:virtual void Screen2View::v_SaveBTN_v()	8	static
../../TouchGFX/gui/include/gui/screen2_screen/Screen2View.hpp:11:13:Screen2View::~Screen2View()	8	static
../../TouchGFX/gui/include/gui/screen2_screen/Screen2View.hpp:11:13:virtual Screen2View::~Screen2View()	8	static
D:/21032023_TouchGFX_WorkSpace/TouchGFX_4_21_1_First/TouchGFX_4_21_1_MultipleScreens/TouchGFX/gui/src/screen2_screen/Screen2View.cpp:3:1:Screen2View::Screen2View()	8	static
D:/21032023_TouchGFX_WorkSpace/TouchGFX_4_21_1_First/TouchGFX_4_21_1_MultipleScreens/TouchGFX/gui/src/screen2_screen/Screen2View.cpp:8:6:virtual void Screen2View::setupScreen()	8	static
D:/21032023_TouchGFX_WorkSpace/TouchGFX_4_21_1_First/TouchGFX_4_21_1_MultipleScreens/TouchGFX/gui/src/screen2_screen/Screen2View.cpp:22:6:virtual void Screen2View::v_HourIncrease_v()	8	static
D:/21032023_TouchGFX_WorkSpace/TouchGFX_4_21_1_First/TouchGFX_4_21_1_MultipleScreens/TouchGFX/gui/src/screen2_screen/Screen2View.cpp:30:6:virtual void Screen2View::v_HourDecrease_v()	8	static
D:/21032023_TouchGFX_WorkSpace/TouchGFX_4_21_1_First/TouchGFX_4_21_1_MultipleScreens/TouchGFX/gui/src/screen2_screen/Screen2View.cpp:37:6:virtual void Screen2View::v_MinIncrease_v()	8	static
D:/21032023_TouchGFX_WorkSpace/TouchGFX_4_21_1_First/TouchGFX_4_21_1_MultipleScreens/TouchGFX/gui/src/screen2_screen/Screen2View.cpp:44:6:virtual void Screen2View::v_MinDecrease_v()	8	static
