D:/21032023_TouchGFX_WorkSpace/TouchGFX_4_21_1_First/TouchGFX_4_21_1_LED_Task/Core/Src/main.c:848:13:SPI5_Write	16	static
D:/21032023_TouchGFX_WorkSpace/TouchGFX_4_21_1_First/TouchGFX_4_21_1_LED_Task/Core/Src/main.c:960:6:StartDefaultTask	8	static
D:/21032023_TouchGFX_WorkSpace/TouchGFX_4_21_1_First/TouchGFX_4_21_1_LED_Task/Core/Src/main.c:981:6:StartledTaskfix	8	static
D:/21032023_TouchGFX_WorkSpace/TouchGFX_4_21_1_First/TouchGFX_4_21_1_LED_Task/Core/Src/main.c:256:6:SystemClock_Config	96	static
D:/21032023_TouchGFX_WorkSpace/TouchGFX_4_21_1_First/TouchGFX_4_21_1_LED_Task/Core/Src/main.c:165:5:main	112	static
D:/21032023_TouchGFX_WorkSpace/TouchGFX_4_21_1_First/TouchGFX_4_21_1_LED_Task/Core/Src/main.c:692:6:IOE_Init	0	static
D:/21032023_TouchGFX_WorkSpace/TouchGFX_4_21_1_First/TouchGFX_4_21_1_LED_Task/Core/Src/main.c:701:6:IOE_ITConfig	0	static
D:/21032023_TouchGFX_WorkSpace/TouchGFX_4_21_1_First/TouchGFX_4_21_1_LED_Task/Core/Src/main.c:713:6:IOE_Write	32	static
D:/21032023_TouchGFX_WorkSpace/TouchGFX_4_21_1_First/TouchGFX_4_21_1_LED_Task/Core/Src/main.c:724:9:IOE_Read	32	static
D:/21032023_TouchGFX_WorkSpace/TouchGFX_4_21_1_First/TouchGFX_4_21_1_LED_Task/Core/Src/main.c:737:10:IOE_ReadMultiple	24	static
D:/21032023_TouchGFX_WorkSpace/TouchGFX_4_21_1_First/TouchGFX_4_21_1_LED_Task/Core/Src/main.c:746:6:IOE_Delay	0	static
D:/21032023_TouchGFX_WorkSpace/TouchGFX_4_21_1_First/TouchGFX_4_21_1_LED_Task/Core/Src/main.c:874:6:LCD_IO_Init	8	static
D:/21032023_TouchGFX_WorkSpace/TouchGFX_4_21_1_First/TouchGFX_4_21_1_LED_Task/Core/Src/main.c:884:6:LCD_IO_WriteData	16	static
D:/21032023_TouchGFX_WorkSpace/TouchGFX_4_21_1_First/TouchGFX_4_21_1_LED_Task/Core/Src/main.c:900:6:LCD_IO_WriteReg	16	static
D:/21032023_TouchGFX_WorkSpace/TouchGFX_4_21_1_First/TouchGFX_4_21_1_LED_Task/Core/Src/main.c:919:10:LCD_IO_ReadData	32	static
D:/21032023_TouchGFX_WorkSpace/TouchGFX_4_21_1_First/TouchGFX_4_21_1_LED_Task/Core/Src/main.c:946:6:LCD_Delay	0	static
D:/21032023_TouchGFX_WorkSpace/TouchGFX_4_21_1_First/TouchGFX_4_21_1_LED_Task/Core/Src/main.c:1004:6:HAL_TIM_PeriodElapsedCallback	0	static
D:/21032023_TouchGFX_WorkSpace/TouchGFX_4_21_1_First/TouchGFX_4_21_1_LED_Task/Core/Src/main.c:1021:6:Error_Handler	0	static
